Archive member included because of file (symbol)

c:/program files (x86)/atollic/truestudio for arm 5.4.0/armtools/bin/../lib/gcc/arm-atollic-eabi/4.8.3/../../../../arm-atollic-eabi/lib/armv6-m\libc_s.a(lib_a-init.o)
                              src\startup_stm32f0xx.o (__libc_init_array)
c:/program files (x86)/atollic/truestudio for arm 5.4.0/armtools/bin/../lib/gcc/arm-atollic-eabi/4.8.3/../../../../arm-atollic-eabi/lib/armv6-m\libc_s.a(lib_a-memcpy-stub.o)
                              src\getline.o (memcpy)
c:/program files (x86)/atollic/truestudio for arm 5.4.0/armtools/bin/../lib/gcc/arm-atollic-eabi/4.8.3/../../../../arm-atollic-eabi/lib/armv6-m\libc_s.a(lib_a-strcmp.o)
                              src\cmdproc.o (strcmp)
c:/program files (x86)/atollic/truestudio for arm 5.4.0/armtools/bin/../lib/gcc/arm-atollic-eabi/4.8.3/../../../../arm-atollic-eabi/lib/armv6-m\libc_s.a(lib_a-strlen.o)
                              src\getline.o (strlen)
c:/program files (x86)/atollic/truestudio for arm 5.4.0/armtools/bin/../lib/gcc/arm-atollic-eabi/4.8.3/../../../../arm-atollic-eabi/lib/armv6-m\libc_s.a(lib_a-strncpy.o)
                              src\cmdproc.o (strncpy)
c:/program files (x86)/atollic/truestudio for arm 5.4.0/armtools/bin/../lib/gcc/arm-atollic-eabi/4.8.3/../../../../arm-atollic-eabi/lib/armv6-m\libc_s.a(lib_a-strtoul.o)
                              src\bootloader.o (strtoul)
c:/program files (x86)/atollic/truestudio for arm 5.4.0/armtools/bin/../lib/gcc/arm-atollic-eabi/4.8.3/../../../../arm-atollic-eabi/lib/armv6-m\libc_s.a(lib_a-ctype_.o)
                              c:/program files (x86)/atollic/truestudio for arm 5.4.0/armtools/bin/../lib/gcc/arm-atollic-eabi/4.8.3/../../../../arm-atollic-eabi/lib/armv6-m\libc_s.a(lib_a-strtoul.o) (__ctype_ptr__)
c:/program files (x86)/atollic/truestudio for arm 5.4.0/armtools/bin/../lib/gcc/arm-atollic-eabi/4.8.3/../../../../arm-atollic-eabi/lib/armv6-m\libc_s.a(lib_a-impure.o)
                              c:/program files (x86)/atollic/truestudio for arm 5.4.0/armtools/bin/../lib/gcc/arm-atollic-eabi/4.8.3/../../../../arm-atollic-eabi/lib/armv6-m\libc_s.a(lib_a-strtoul.o) (_impure_ptr)
c:/program files (x86)/atollic/truestudio for arm 5.4.0/armtools/bin/../lib/gcc/arm-atollic-eabi/4.8.3/armv6-m\libgcc.a(_thumb1_case_uqi.o)
                              src\mybus.o (__gnu_thumb1_case_uqi)
c:/program files (x86)/atollic/truestudio for arm 5.4.0/armtools/bin/../lib/gcc/arm-atollic-eabi/4.8.3/armv6-m\libgcc.a(_udivsi3.o)
                              src\timer.o (__aeabi_uidiv)
c:/program files (x86)/atollic/truestudio for arm 5.4.0/armtools/bin/../lib/gcc/arm-atollic-eabi/4.8.3/armv6-m\libgcc.a(_dvmd_tls.o)
                              c:/program files (x86)/atollic/truestudio for arm 5.4.0/armtools/bin/../lib/gcc/arm-atollic-eabi/4.8.3/armv6-m\libgcc.a(_udivsi3.o) (__aeabi_idiv0)

Allocating common symbols
Common symbol       size              file

timerreadmodaddr    0x4               src\mybus.o
time_from_start     0x4               src\mybus.o
stx_rx_timer        0x4               src\mybus.o
app_version_data    0x64              src\mybus.o
cfg_ok              0x4               src\mybus.o
crc_calc            0x2               src\BL.o
usart2_tx_fifo      0xff              src\usart2.o
timer_led           0x4               src\main.o
tmp32               0x4               src\mybus.o
rx                  0x34              src\mybus.o
current_flash_addr  0x4               src\BL.o
rx_buffer           0x100             src\mybus.o
tx_buffer           0x100             src\mybus.o
tx                  0x34              src\mybus.o
stx_act_led_timer   0x4               src\mybus.o
page_cntr           0x4               src\BL.o
flash_buff_cnt      0x4               src\BL.o
stx_timer           0x4               src\mybus.o
addr_timer          0x4               src\mybus.o
flash_buff          0x400             src\BL.o
usart2_rx_fifo      0xff              src\usart2.o
usart1_rx_fifo      0xff              src\usart1.o
usart1_tx_fifo      0x3e8             src\usart1.o

Discarded input sections

 .text          0x00000000        0x0 c:/program files (x86)/atollic/truestudio for arm 5.4.0/armtools/bin/../lib/gcc/arm-atollic-eabi/4.8.3/armv6-m/crti.o
 .data          0x00000000        0x0 c:/program files (x86)/atollic/truestudio for arm 5.4.0/armtools/bin/../lib/gcc/arm-atollic-eabi/4.8.3/armv6-m/crti.o
 .bss           0x00000000        0x0 c:/program files (x86)/atollic/truestudio for arm 5.4.0/armtools/bin/../lib/gcc/arm-atollic-eabi/4.8.3/armv6-m/crti.o
 .data          0x00000000        0x4 c:/program files (x86)/atollic/truestudio for arm 5.4.0/armtools/bin/../lib/gcc/arm-atollic-eabi/4.8.3/armv6-m/crtbegin.o
 .text          0x00000000        0x0 src\usart2.o
 .data          0x00000000        0x0 src\usart2.o
 .bss           0x00000000        0x0 src\usart2.o
 .text          0x00000000        0x0 src\usart1.o
[...]
Memory Configuration

Name             Origin             Length             Attributes
FLASH            0x08000000         0x00010000         xr
RAM              0x20000000         0x00002000         xrw
MEMORY_B1        0x60000000         0x00000000         xr
*default*        0x00000000         0xffffffff

Linker script and memory map

LOAD c:/program files (x86)/atollic/truestudio for arm 5.4.0/armtools/bin/../lib/gcc/arm-atollic-eabi/4.8.3/armv6-m/crti.o
LOAD c:/program files (x86)/atollic/truestudio for arm 5.4.0/armtools/bin/../lib/gcc/arm-atollic-eabi/4.8.3/armv6-m/crtbegin.o
LOAD src\usart2.o
LOAD src\usart1.o
LOAD src\usart.o
LOAD src\timer.o
LOAD src\system_stm32f0xx.o
LOAD src\stm32f0xx_it.o
LOAD src\startup_stm32f0xx.o
LOAD src\printf.o
LOAD src\mybus.o
LOAD src\main.o
LOAD src\getline.o
LOAD src\flash_if.o
LOAD src\crc16.o
LOAD src\cmdproc.o
LOAD src\bootloader.o
LOAD src\BL.o
LOAD Libraries\STM32F0xx_StdPeriph_Driver\src\stm32f0xx_wwdg.o
LOAD Libraries\STM32F0xx_StdPeriph_Driver\src\stm32f0xx_usart.o
LOAD Libraries\STM32F0xx_StdPeriph_Driver\src\stm32f0xx_tim.o
LOAD Libraries\STM32F0xx_StdPeriph_Driver\src\stm32f0xx_syscfg.o
LOAD Libraries\STM32F0xx_StdPeriph_Driver\src\stm32f0xx_spi.o
LOAD Libraries\STM32F0xx_StdPeriph_Driver\src\stm32f0xx_rtc.o
LOAD Libraries\STM32F0xx_StdPeriph_Driver\src\stm32f0xx_rcc.o
LOAD Libraries\STM32F0xx_StdPeriph_Driver\src\stm32f0xx_pwr.o
LOAD Libraries\STM32F0xx_StdPeriph_Driver\src\stm32f0xx_misc.o
LOAD Libraries\STM32F0xx_StdPeriph_Driver\src\stm32f0xx_iwdg.o
LOAD Libraries\STM32F0xx_StdPeriph_Driver\src\stm32f0xx_i2c.o
LOAD Libraries\STM32F0xx_StdPeriph_Driver\src\stm32f0xx_gpio.o
LOAD Libraries\STM32F0xx_StdPeriph_Driver\src\stm32f0xx_flash.o
LOAD Libraries\STM32F0xx_StdPeriph_Driver\src\stm32f0xx_exti.o
LOAD Libraries\STM32F0xx_StdPeriph_Driver\src\stm32f0xx_dma.o
LOAD Libraries\STM32F0xx_StdPeriph_Driver\src\stm32f0xx_dbgmcu.o
LOAD Libraries\STM32F0xx_StdPeriph_Driver\src\stm32f0xx_dac.o
LOAD Libraries\STM32F0xx_StdPeriph_Driver\src\stm32f0xx_crs.o
LOAD Libraries\STM32F0xx_StdPeriph_Driver\src\stm32f0xx_crc.o
LOAD Libraries\STM32F0xx_StdPeriph_Driver\src\stm32f0xx_comp.o
LOAD Libraries\STM32F0xx_StdPeriph_Driver\src\stm32f0xx_cec.o
LOAD Libraries\STM32F0xx_StdPeriph_Driver\src\stm32f0xx_can.o
LOAD Libraries\STM32F0xx_StdPeriph_Driver\src\stm32f0xx_adc.o
START GROUP
LOAD c:/program files (x86)/atollic/truestudio for arm 5.4.0/armtools/bin/../lib/gcc/arm-atollic-eabi/4.8.3/../../../../arm-atollic-eabi/lib/armv6-m\libc_s.a
LOAD c:/program files (x86)/atollic/truestudio for arm 5.4.0/armtools/bin/../lib/gcc/arm-atollic-eabi/4.8.3/../../../../arm-atollic-eabi/lib/armv6-m\libm.a
END GROUP
                0x00001000                malloc_getpagesize_P = 0x1000
START GROUP
LOAD c:/program files (x86)/atollic/truestudio for arm 5.4.0/armtools/bin/../lib/gcc/arm-atollic-eabi/4.8.3/armv6-m\libgcc.a
LOAD c:/program files (x86)/atollic/truestudio for arm 5.4.0/armtools/bin/../lib/gcc/arm-atollic-eabi/4.8.3/../../../../arm-atollic-eabi/lib/armv6-m\libc.a
END GROUP
LOAD c:/program files (x86)/atollic/truestudio for arm 5.4.0/armtools/bin/../lib/gcc/arm-atollic-eabi/4.8.3/armv6-m/crtend.o
LOAD c:/program files (x86)/atollic/truestudio for arm 5.4.0/armtools/bin/../lib/gcc/arm-atollic-eabi/4.8.3/armv6-m/crtn.o
                0x20002000                _estack = 0x20002000
                0x00000000                _Min_Heap_Size = 0x0
                0x00000080                _Min_Stack_Size = 0x80

.isr_vector     0x08000000       0xc0
                0x08000000                . = ALIGN (0x4)
 *(.isr_vector)
 .isr_vector    0x08000000       0xc0 src\startup_stm32f0xx.o
                0x08000000                g_pfnVectors
                0x080000c0                . = ALIGN (0x4)

.text           0x080000c0     0x1c8c
                0x080000c0                . = ALIGN (0x4)
 *(.text)
 .text          0x080000c0       0x48 c:/program files (x86)/atollic/truestudio for arm 5.4.0/armtools/bin/../lib/gcc/arm-atollic-eabi/4.8.3/armv6-m/crtbegin.o
 .text          0x08000108       0x14 c:/program files (x86)/atollic/truestudio for arm 5.4.0/armtools/bin/../lib/gcc/arm-atollic-eabi/4.8.3/../../../../arm-atollic-eabi/lib/armv6-m\libc_s.a(lib_a-strcmp.o)
                0x08000108                strcmp
 .text          0x0800011c       0x14 c:/program files (x86)/atollic/truestudio for arm 5.4.0/armtools/bin/../lib/gcc/arm-atollic-eabi/4.8.3/armv6-m\libgcc.a(_thumb1_case_uqi.o)
                0x0800011c                __gnu_thumb1_case_uqi
 .text          0x08000130       0x9c c:/program files (x86)/atollic/truestudio for arm 5.4.0/armtools/bin/../lib/gcc/arm-atollic-eabi/4.8.3/armv6-m\libgcc.a(_udivsi3.o)
                0x08000130                __aeabi_uidiv
                0x08000130                __udivsi3
                0x080001b8                __aeabi_uidivmod
 .text          0x080001cc        0x4 c:/program files (x86)/atollic/truestudio for arm 5.4.0/armtools/bin/../lib/gcc/arm-atollic-eabi/4.8.3/armv6-m\libgcc.a(_dvmd_tls.o)
                0x080001cc                __aeabi_idiv0
                0x080001cc                __aeabi_ldiv0
 *(.text*)
 .text.USART2_IRQHandler
                0x080001d0       0x10 src\usart2.o
                0x080001d0                USART2_IRQHandler
 .text.usart2_init
                0x080001e0       0x40 src\usart2.o
                0x080001e0                usart2_init
 .text.usart2_putchar
                0x08000220       0x10 src\usart2.o
                0x08000220                usart2_putchar
 .text.usart2_getchar
                0x08000230       0x10 src\usart2.o
                0x08000230                usart2_getchar
 .text.usart2_rxlen
                0x08000240       0x10 src\usart2.o
                0x08000240                usart2_rxlen
 .text.USART1_IRQHandler
                0x08000250       0x10 src\usart1.o
                0x08000250                USART1_IRQHandler
 .text.usart1_init
                0x08000260       0x34 src\usart1.o
                0x08000260                usart1_init
 .text.usart1_deinit
                0x08000294       0x12 src\usart1.o
                0x08000294                usart1_deinit
 *fill*         0x080002a6        0x2 
 .text.usart1_putchar
                0x080002a8       0x10 src\usart1.o
                0x080002a8                usart1_putchar
 .text.usart1_getchar
                0x080002b8       0x10 src\usart1.o
                0x080002b8                usart1_getchar
 .text.usart1_rxlen
                0x080002c8       0x10 src\usart1.o
                0x080002c8                usart1_rxlen
 .text.USART_init
                0x080002d8       0xf0 src\usart.o
                0x080002d8                USART_init
 .text.USART_rbufflen
                0x080003c8        0xa src\usart.o
                0x080003c8                USART_rbufflen
 *fill*         0x080003d2        0x2 
 .text.USART_IRQHandler
                0x080003d4       0x88 src\usart.o
                0x080003d4                USART_IRQHandler
 .text.USART_tbufflen
                0x0800045c        0xa src\usart.o
                0x0800045c                USART_tbufflen
 *fill*         0x08000466        0x2 
 .text.USART_putchar
                0x08000468       0x50 src\usart.o
                0x08000468                USART_putchar
 .text.USART_getchar
                0x080004b8       0x2a src\usart.o
                0x080004b8                USART_getchar
 *fill*         0x080004e2        0x2 
 .text.timer_init
                0x080004e4       0x4c src\timer.o
                0x080004e4                timer_init
 .text.SysTick_Handler
                0x08000530       0x28 src\timer.o
                0x08000530                SysTick_Handler
 .text.timeout  0x08000558       0x24 src\timer.o
                0x08000558                timeout
 .text.delay    0x0800057c       0x20 src\timer.o
                0x0800057c                delay
 .text.SystemInit
                0x0800059c       0xf4 src\system_stm32f0xx.o
                0x0800059c                SystemInit
 .text.SystemCoreClockUpdate
                0x08000690       0x6c src\system_stm32f0xx.o
                0x08000690                SystemCoreClockUpdate
 .text.NMI_Handler
                0x080006fc        0x2 src\stm32f0xx_it.o
                0x080006fc                NMI_Handler
 .text.HardFault_Handler
                0x080006fe        0x2 src\stm32f0xx_it.o
                0x080006fe                HardFault_Handler
 .text.SVC_Handler
                0x08000700        0x2 src\stm32f0xx_it.o
                0x08000700                SVC_Handler
 .text.PendSV_Handler
                0x08000702        0x2 src\stm32f0xx_it.o
                0x08000702                PendSV_Handler
 .text.Reset_Handler
                0x08000704       0xa0 src\startup_stm32f0xx.o
                0x08000704                Reset_Handler
 .text.Default_Handler
                0x080007a4        0x2 src\startup_stm32f0xx.o
                0x080007a4                TIM1_CC_IRQHandler
                0x080007a4                ADC1_COMP_IRQHandler
                0x080007a4                PVD_IRQHandler
                0x080007a4                I2C1_IRQHandler
                0x080007a4                SPI1_IRQHandler
                0x080007a4                TIM6_DAC_IRQHandler
                0x080007a4                EXTI2_3_IRQHandler
                0x080007a4                I2C2_IRQHandler
                0x080007a4                TIM17_IRQHandler
                0x080007a4                RTC_IRQHandler
                0x080007a4                TIM16_IRQHandler
                0x080007a4                TIM3_IRQHandler
                0x080007a4                EXTI4_15_IRQHandler
                0x080007a4                RCC_IRQHandler
                0x080007a4                DMA1_Channel1_IRQHandler
                0x080007a4                Default_Handler
                0x080007a4                CEC_IRQHandler
                0x080007a4                TIM14_IRQHandler
                0x080007a4                DMA1_Channel4_5_IRQHandler
                0x080007a4                TIM15_IRQHandler
                0x080007a4                EXTI0_1_IRQHandler
                0x080007a4                SPI2_IRQHandler
                0x080007a4                TS_IRQHandler
                0x080007a4                WWDG_IRQHandler
                0x080007a4                TIM2_IRQHandler
                0x080007a4                DMA1_Channel2_3_IRQHandler
                0x080007a4                FLASH_IRQHandler
                0x080007a4                TIM1_BRK_UP_TRG_COM_IRQHandler
 .text.printchar
                0x080007a6       0x40 src\printf.o
 .text.prints   0x080007e6       0x80 src\printf.o
 .text.printi   0x08000866       0xaa src\printf.o
                0x08000866                printi
 .text.print    0x08000910      0x118 src\printf.o
                0x08000910                print
 .text.mprintf  0x08000a28       0x20 src\printf.o
                0x08000a28                mprintf
 .text.printchr
                0x08000a48        0xa src\mybus.o
                0x08000a48                printchr
 .text.mybus_put_long
                0x08000a52       0x12 src\mybus.o
                0x08000a52                mybus_put_long
 .text.mybus_get
                0x08000a64       0x28 src\mybus.o
                0x08000a64                mybus_get
 .text.tx_data  0x08000a8c       0xd8 src\mybus.o
                0x08000a8c                tx_data
 .text.mybus_init
                0x08000b64       0x6c src\mybus.o
                0x08000b64                mybus_init
 .text.mybus_make_tx_header
                0x08000bd0       0x24 src\mybus.o
                0x08000bd0                mybus_make_tx_header
 .text.mybus_main
                0x08000bf4      0x40c src\mybus.o
                0x08000bf4                mybus_main
 .text.init     0x08001000       0xbc src\main.o
                0x08001000                init
 .text.startup.main
                0x080010bc       0x8c src\main.o
                0x080010bc                main
 .text.cmd_reset
                0x08001148        0xa src\main.o
                0x08001148                cmd_reset
 .text.erase_chars
                0x08001152       0x20 src\getline.o
                0x08001152                erase_chars
 *fill*         0x08001172        0x2 
 .text.getline  0x08001174      0x118 src\getline.o
                0x08001174                getline
 .text.bla      0x0800128c       0x50 src\getline.o
                0x0800128c                bla
 .text.FLASH_If_Init
                0x080012dc        0xe src\flash_if.o
                0x080012dc                FLASH_If_Init
 *fill*         0x080012ea        0x2 
 .text.FLASH_If_Write
                0x080012ec       0x4c src\flash_if.o
                0x080012ec                FLASH_If_Write
 .text.crc16_n  0x08001338       0x2c src\crc16.o
                0x08001338                crc16_n
 .text.help     0x08001364       0xb8 src\cmdproc.o
                0x08001364                help
 .text.cmd_proc
                0x0800141c       0x84 src\cmdproc.o
                0x0800141c                cmd_proc
 .text.resetcpu
                0x080014a0       0x14 src\bootloader.o
                0x080014a0                resetcpu
 .text.get_RS485addr_from_flash
                0x080014b4       0x18 src\bootloader.o
                0x080014b4                get_RS485addr_from_flash
 .text.flash_write
                0x080014cc      0x100 src\BL.o
                0x080014cc                flash_write
 .text.flash_write_last
                0x080015cc       0x74 src\BL.o
                0x080015cc                flash_write_last
 .text.exit_BL  0x08001640       0x98 src\BL.o
                0x08001640                exit_BL
 .text.get_crc  0x080016d8        0xc src\BL.o
                0x080016d8                get_crc
 .text.my_memcmp
                0x080016e4       0x1c src\BL.o
                0x080016e4                my_memcmp
 .text.search_app_version
                0x08001700       0x74 src\BL.o
                0x08001700                search_app_version
 .text.cmd_exit_bl
                0x08001774        0x6 src\BL.o
                0x08001774                cmd_exit_bl
 *fill*         0x0800177a        0x2 
 .text.cmd_search_appv
                0x0800177c       0x20 src\BL.o
                0x0800177c                cmd_search_appv
 .text.USART_Init
                0x0800179c       0xb0 Libraries\STM32F0xx_StdPeriph_Driver\src\stm32f0xx_usart.o
                0x0800179c                USART_Init
 .text.USART_Cmd
                0x0800184c       0x14 Libraries\STM32F0xx_StdPeriph_Driver\src\stm32f0xx_usart.o
                0x0800184c                USART_Cmd
 .text.USART_SendData
                0x08001860        0x8 Libraries\STM32F0xx_StdPeriph_Driver\src\stm32f0xx_usart.o
                0x08001860                USART_SendData
 .text.USART_ReceiveData
                0x08001868        0x8 Libraries\STM32F0xx_StdPeriph_Driver\src\stm32f0xx_usart.o
                0x08001868                USART_ReceiveData
 .text.USART_DECmd
                0x08001870       0x1c Libraries\STM32F0xx_StdPeriph_Driver\src\stm32f0xx_usart.o
                0x08001870                USART_DECmd
 .text.USART_ITConfig
                0x0800188c       0x2e Libraries\STM32F0xx_StdPeriph_Driver\src\stm32f0xx_usart.o
                0x0800188c                USART_ITConfig
 .text.USART_GetITStatus
                0x080018ba       0x3e Libraries\STM32F0xx_StdPeriph_Driver\src\stm32f0xx_usart.o
                0x080018ba                USART_GetITStatus
 .text.RCC_GetClocksFreq
                0x080018f8      0x14c Libraries\STM32F0xx_StdPeriph_Driver\src\stm32f0xx_rcc.o
                0x080018f8                RCC_GetClocksFreq
 .text.RCC_AHBPeriphClockCmd
                0x08001a44       0x18 Libraries\STM32F0xx_StdPeriph_Driver\src\stm32f0xx_rcc.o
                0x08001a44                RCC_AHBPeriphClockCmd
 .text.RCC_APB2PeriphClockCmd
                0x08001a5c       0x18 Libraries\STM32F0xx_StdPeriph_Driver\src\stm32f0xx_rcc.o
                0x08001a5c                RCC_APB2PeriphClockCmd
 .text.RCC_APB1PeriphClockCmd
                0x08001a74       0x18 Libraries\STM32F0xx_StdPeriph_Driver\src\stm32f0xx_rcc.o
                0x08001a74                RCC_APB1PeriphClockCmd
 .text.NVIC_Init
                0x08001a8c       0x60 Libraries\STM32F0xx_StdPeriph_Driver\src\stm32f0xx_misc.o
                0x08001a8c                NVIC_Init
 .text.IWDG_Enable
                0x08001aec       0x10 Libraries\STM32F0xx_StdPeriph_Driver\src\stm32f0xx_iwdg.o
                0x08001aec                IWDG_Enable
 .text.GPIO_Init
                0x08001afc       0x76 Libraries\STM32F0xx_StdPeriph_Driver\src\stm32f0xx_gpio.o
                0x08001afc                GPIO_Init
 .text.GPIO_PinAFConfig
                0x08001b72       0x24 Libraries\STM32F0xx_StdPeriph_Driver\src\stm32f0xx_gpio.o
                0x08001b72                GPIO_PinAFConfig
 *fill*         0x08001b96        0x2 
 .text.FLASH_Unlock
                0x08001b98       0x20 Libraries\STM32F0xx_StdPeriph_Driver\src\stm32f0xx_flash.o
                0x08001b98                FLASH_Unlock
 .text.FLASH_Lock
                0x08001bb8       0x10 Libraries\STM32F0xx_StdPeriph_Driver\src\stm32f0xx_flash.o
                0x08001bb8                FLASH_Lock
 .text.FLASH_ClearFlag
                0x08001bc8        0xc Libraries\STM32F0xx_StdPeriph_Driver\src\stm32f0xx_flash.o
                0x08001bc8                FLASH_ClearFlag
 .text.FLASH_GetStatus
                0x08001bd4       0x24 Libraries\STM32F0xx_StdPeriph_Driver\src\stm32f0xx_flash.o
                0x08001bd4                FLASH_GetStatus
 .text.FLASH_WaitForLastOperation
                0x08001bf8       0x20 Libraries\STM32F0xx_StdPeriph_Driver\src\stm32f0xx_flash.o
                0x08001bf8                FLASH_WaitForLastOperation
 .text.FLASH_ErasePage
                0x08001c18       0x38 Libraries\STM32F0xx_StdPeriph_Driver\src\stm32f0xx_flash.o
                0x08001c18                FLASH_ErasePage
 .text.FLASH_ProgramWord
                0x08001c50       0x50 Libraries\STM32F0xx_StdPeriph_Driver\src\stm32f0xx_flash.o
                0x08001c50                FLASH_ProgramWord
 .text.__libc_init_array
                0x08001ca0       0x4c c:/program files (x86)/atollic/truestudio for arm 5.4.0/armtools/bin/../lib/gcc/arm-atollic-eabi/4.8.3/../../../../arm-atollic-eabi/lib/armv6-m\libc_s.a(lib_a-init.o)
                0x08001ca0                __libc_init_array
 .text.memcpy   0x08001cec       0x12 c:/program files (x86)/atollic/truestudio for arm 5.4.0/armtools/bin/../lib/gcc/arm-atollic-eabi/4.8.3/../../../../arm-atollic-eabi/lib/armv6-m\libc_s.a(lib_a-memcpy-stub.o)
                0x08001cec                memcpy
 .text.strlen   0x08001cfe        0xe c:/program files (x86)/atollic/truestudio for arm 5.4.0/armtools/bin/../lib/gcc/arm-atollic-eabi/4.8.3/../../../../arm-atollic-eabi/lib/armv6-m\libc_s.a(lib_a-strlen.o)
                0x08001cfe                strlen
 .text.strncpy  0x08001d0c       0x28 c:/program files (x86)/atollic/truestudio for arm 5.4.0/armtools/bin/../lib/gcc/arm-atollic-eabi/4.8.3/../../../../arm-atollic-eabi/lib/armv6-m\libc_s.a(lib_a-strncpy.o)
                0x08001d0c                strncpy
 *(.glue_7)
 .glue_7        0x00000000        0x0 linker stubs
 *(.glue_7t)
 .glue_7t       0x00000000        0x0 linker stubs
 *(.eh_frame)
 .eh_frame      0x08001d34        0x0 c:/program files (x86)/atollic/truestudio for arm 5.4.0/armtools/bin/../lib/gcc/arm-atollic-eabi/4.8.3/armv6-m/crtbegin.o
 *(.init)
 .init          0x08001d34        0x4 c:/program files (x86)/atollic/truestudio for arm 5.4.0/armtools/bin/../lib/gcc/arm-atollic-eabi/4.8.3/armv6-m/crti.o
                0x08001d34                _init
 .init          0x08001d38        0x8 c:/program files (x86)/atollic/truestudio for arm 5.4.0/armtools/bin/../lib/gcc/arm-atollic-eabi/4.8.3/armv6-m/crtn.o
 *(.fini)
 .fini          0x08001d40        0x4 c:/program files (x86)/atollic/truestudio for arm 5.4.0/armtools/bin/../lib/gcc/arm-atollic-eabi/4.8.3/armv6-m/crti.o
                0x08001d40                _fini
 .fini          0x08001d44        0x8 c:/program files (x86)/atollic/truestudio for arm 5.4.0/armtools/bin/../lib/gcc/arm-atollic-eabi/4.8.3/armv6-m/crtn.o
                0x08001d4c                . = ALIGN (0x4)
                0x08001d4c                _etext = .

.vfp11_veneer   0x08001d4c        0x0
 .vfp11_veneer  0x00000000        0x0 linker stubs

.v4_bx          0x08001d4c        0x0
 .v4_bx         0x00000000        0x0 linker stubs

.iplt           0x08001d4c        0x0
 .iplt          0x00000000        0x0 c:/program files (x86)/atollic/truestudio for arm 5.4.0/armtools/bin/../lib/gcc/arm-atollic-eabi/4.8.3/armv6-m/crtbegin.o

.rodata         0x08001d4c      0x560
                0x08001d4c                . = ALIGN (0x4)
 *(.rodata)
 .rodata        0x08001d4c       0x18 src\usart2.o
 .rodata        0x08001d64       0x18 src\usart1.o
 *(.rodata*)
 .rodata.usart2
                0x08001d7c       0x14 src\usart2.o
                0x08001d7c                usart2
 .rodata.str1.1
                0x08001d90        0xd src\usart2.o
 *fill*         0x08001d9d        0x3 
 .rodata.usart2_hw
                0x08001da0       0x34 src\usart2.o
                0x08001da0                usart2_hw
 .rodata.usart1
                0x08001dd4       0x14 src\usart1.o
                0x08001dd4                usart1
 .rodata.usart1_hw
                0x08001de8       0x34 src\usart1.o
                0x08001de8                usart1_hw
 .rodata.str1.1
                0x08001e1c        0x7 src\printf.o
 .rodata.str1.1
                0x08001e23      0x102 src\mybus.o
                                0x108 (size before relaxing)
 .rodata.str1.1
                0x08001f25        0x4 src\main.o
                                 0x16 (size before relaxing)
 .rodata.str1.1
                0x08001f29       0x35 src\getline.o
                                 0x38 (size before relaxing)
 *fill*         0x08001f5e        0x2 
 .rodata.cmd_table
                0x08001f60       0x3c src\cmdproc.o
                0x08001f60                cmd_table
 .rodata.str1.1
                0x08001f9c       0xde src\cmdproc.o
                                 0xe7 (size before relaxing)
 .rodata.str1.1
                0x0800207a       0xba src\bootloader.o
 .rodata.str1.1
                0x08002134      0x178 src\BL.o
                                0x19e (size before relaxing)
                0x080022ac                . = ALIGN (0x4)

.rel.dyn        0x080022ac        0x0
 .rel.iplt      0x00000000        0x0 c:/program files (x86)/atollic/truestudio for arm 5.4.0/armtools/bin/../lib/gcc/arm-atollic-eabi/4.8.3/armv6-m/crtbegin.o

.ARM.extab
 *(.ARM.extab* .gnu.linkonce.armextab.*)

.ARM            0x080022ac        0x0
                0x080022ac                __exidx_start = .
 *(.ARM.exidx*)
                0x080022ac                __exidx_end = .

.preinit_array  0x080022ac        0x0
                0x080022ac                PROVIDE (__preinit_array_start, .)
 *(.preinit_array*)
                0x080022ac                PROVIDE (__preinit_array_end, .)

.init_array     0x080022ac        0x4
                0x080022ac                PROVIDE (__init_array_start, .)
 *(SORT(.init_array.*))
 *(.init_array*)
 .init_array    0x080022ac        0x4 c:/program files (x86)/atollic/truestudio for arm 5.4.0/armtools/bin/../lib/gcc/arm-atollic-eabi/4.8.3/armv6-m/crtbegin.o
                0x080022b0                PROVIDE (__init_array_end, .)

.fini_array     0x080022b0        0x4
                0x080022b0                PROVIDE (__fini_array_start, .)
 *(SORT(.fini_array.*))
 *(.fini_array*)
 .fini_array    0x080022b0        0x4 c:/program files (x86)/atollic/truestudio for arm 5.4.0/armtools/bin/../lib/gcc/arm-atollic-eabi/4.8.3/armv6-m/crtbegin.o
                0x080022b4                PROVIDE (__fini_array_end, .)
                0x080022b4                _sidata = LOADADDR (.data)

.data           0x20000000      0x45c load address 0x080022b4
                0x20000000                . = ALIGN (0x4)
                0x20000000                _sdata = .
 *(.data)
 *(.data*)
 .data.usart2_fifo
                0x20000000       0x18 src\usart2.o
                0x20000000                usart2_fifo
 .data.usart1_fifo
                0x20000018       0x18 src\usart1.o
                0x20000018                usart1_fifo
 .data.AHBPrescTable
                0x20000030       0x10 src\system_stm32f0xx.o
                0x20000030                AHBPrescTable
 .data.SystemCoreClock
                0x20000040        0x4 src\system_stm32f0xx.o
                0x20000040                SystemCoreClock
 .data.print_dev
                0x20000044        0x4 src\printf.o
                0x20000044                print_dev
 .data.mod_addr
                0x20000048        0x2 src\mybus.o
                0x20000048                mod_addr
 .data.reset_flag
                0x2000004a        0x1 src\mybus.o
                0x2000004a                reset_flag
 .data.line     0x2000004b      0x200 src\getline.o
 *fill*         0x2000024b        0x1 
 .data.crc16tab
                0x2000024c      0x200 src\crc16.o
                0x2000024c                crc16tab
 .data.APBAHBPrescTable
                0x2000044c       0x10 Libraries\STM32F0xx_StdPeriph_Driver\src\stm32f0xx_rcc.o
                0x2000045c                . = ALIGN (0x4)
                0x2000045c                _edata = .

.igot.plt       0x2000045c        0x0 load address 0x08002710
 .igot.plt      0x00000000        0x0 c:/program files (x86)/atollic/truestudio for arm 5.4.0/armtools/bin/../lib/gcc/arm-atollic-eabi/4.8.3/armv6-m/crtbegin.o
                0x2000045c                . = ALIGN (0x4)

.bss            0x2000045c      0xe1c load address 0x08002710
                0x2000045c                _sbss = .
                0x2000045c                __bss_start__ = _sbss
 *(.bss)
 .bss           0x2000045c       0x1c c:/program files (x86)/atollic/truestudio for arm 5.4.0/armtools/bin/../lib/gcc/arm-atollic-eabi/4.8.3/armv6-m/crtbegin.o
 *(.bss*)
 .bss.timetick  0x20000478        0x4 src\timer.o
                0x20000478                timetick
 .bss.timesec   0x2000047c        0x4 src\timer.o
                0x2000047c                timesec
 .bss.tmp.6546  0x20000480        0x4 src\mybus.o
 .bss.cnt.7195  0x20000484        0x4 src\getline.o
 .bss.esc_cnt.7196
                0x20000488        0x1 src\getline.o
 *fill*         0x20000489        0x3 
 .bss.cnt_hist  0x2000048c        0x4 src\getline.o
                0x2000048c                cnt_hist
 *(COMMON)
 COMMON         0x20000490      0x1fe src\usart2.o
                0x20000490                usart2_tx_fifo
                0x2000058f                usart2_rx_fifo
 COMMON         0x2000068e      0x4e7 src\usart1.o
                0x2000068e                usart1_rx_fifo
                0x2000078d                usart1_tx_fifo
 *fill*         0x20000b75        0x3 
 COMMON         0x20000b78      0x2ec src\mybus.o
                0x20000b78                timerreadmodaddr
                0x20000b7c                time_from_start
                0x20000b80                stx_rx_timer
                0x20000b84                app_version_data
                0x20000be8                cfg_ok
                0x20000bec                tmp32
                0x20000bf0                rx
                0x20000c24                rx_buffer
                0x20000d24                tx_buffer
                0x20000e24                tx
                0x20000e58                stx_act_led_timer
                0x20000e5c                stx_timer
                0x20000e60                addr_timer
 COMMON         0x20000e64        0x4 src\main.o
                0x20000e64                timer_led
 COMMON         0x20000e68      0x410 src\BL.o
                0x20000e68                crc_calc
                0x20000e6c                current_flash_addr
                0x20000e70                page_cntr
                0x20000e74                flash_buff_cnt
                0x20000e78                flash_buff
                0x20001278                . = ALIGN (0x4)
                0x20001278                _ebss = .
                0x20001278                __bss_end__ = _ebss

._user_heap_stack
                0x20001278       0x80 load address 0x08002710
                0x20001278                . = ALIGN (0x4)
                0x20001278                PROVIDE (end, .)
                0x20001278                PROVIDE (_end, .)
                0x20001278                . = (. + _Min_Heap_Size)
                0x200012f8                . = (. + _Min_Stack_Size)
 *fill*         0x20001278       0x80 
                0x200012f8                . = ALIGN (0x4)

.memory_b1_text
 *(.mb1text)
 *(.mb1text*)
 *(.mb1rodata)
 *(.mb1rodata*)

/DISCARD/
 libc.a(*)
 libm.a(*)
 libgcc.a(*)

.ARM.attributes
                0x00000000       0x28
 *(.ARM.attributes)
 .ARM.attributes
                0x00000000       0x1e c:/program files (x86)/atollic/truestudio for arm 5.4.0/armtools/bin/../lib/gcc/arm-atollic-eabi/4.8.3/armv6-m/crti.o
 .ARM.attributes
                0x0000001e       0x2c c:/program files (x86)/atollic/truestudio for arm 5.4.0/armtools/bin/../lib/gcc/arm-atollic-eabi/4.8.3/armv6-m/crtbegin.o
 .ARM.attributes
                0x0000004a       0x31 src\usart2.o
 .ARM.attributes
                0x0000007b       0x31 src\usart1.o
 .ARM.attributes
                0x000000ac       0x31 src\usart.o
 .ARM.attributes
                0x000000dd       0x31 src\timer.o
 .ARM.attributes
                0x0000010e       0x31 src\system_stm32f0xx.o
 .ARM.attributes
                0x0000013f       0x31 src\stm32f0xx_it.o
 .ARM.attributes
                0x00000170       0x21 src\startup_stm32f0xx.o
 .ARM.attributes
                0x00000191       0x31 src\printf.o
 .ARM.attributes
                0x000001c2       0x31 src\mybus.o
 .ARM.attributes
                0x000001f3       0x31 src\main.o
 .ARM.attributes
                0x00000224       0x31 src\getline.o
 .ARM.attributes
                0x00000255       0x31 src\flash_if.o
 .ARM.attributes
                0x00000286       0x31 src\crc16.o
 .ARM.attributes
                0x000002b7       0x31 src\cmdproc.o
 .ARM.attributes
                0x000002e8       0x31 src\bootloader.o
 .ARM.attributes
                0x00000319       0x31 src\BL.o
 .ARM.attributes
                0x0000034a       0x31 Libraries\STM32F0xx_StdPeriph_Driver\src\stm32f0xx_usart.o
 .ARM.attributes
                0x0000037b       0x31 Libraries\STM32F0xx_StdPeriph_Driver\src\stm32f0xx_rcc.o
 .ARM.attributes
                0x000003ac       0x31 Libraries\STM32F0xx_StdPeriph_Driver\src\stm32f0xx_misc.o
 .ARM.attributes
                0x000003dd       0x31 Libraries\STM32F0xx_StdPeriph_Driver\src\stm32f0xx_iwdg.o
 .ARM.attributes
                0x0000040e       0x31 Libraries\STM32F0xx_StdPeriph_Driver\src\stm32f0xx_gpio.o
 .ARM.attributes
                0x0000043f       0x31 Libraries\STM32F0xx_StdPeriph_Driver\src\stm32f0xx_flash.o
 .ARM.attributes
                0x00000470       0x2c c:/program files (x86)/atollic/truestudio for arm 5.4.0/armtools/bin/../lib/gcc/arm-atollic-eabi/4.8.3/../../../../arm-atollic-eabi/lib/armv6-m\libc_s.a(lib_a-init.o)
 .ARM.attributes
                0x0000049c       0x2c c:/program files (x86)/atollic/truestudio for arm 5.4.0/armtools/bin/../lib/gcc/arm-atollic-eabi/4.8.3/../../../../arm-atollic-eabi/lib/armv6-m\libc_s.a(lib_a-memcpy-stub.o)
 .ARM.attributes
                0x000004c8       0x1c c:/program files (x86)/atollic/truestudio for arm 5.4.0/armtools/bin/../lib/gcc/arm-atollic-eabi/4.8.3/../../../../arm-atollic-eabi/lib/armv6-m\libc_s.a(lib_a-strcmp.o)
 .ARM.attributes
                0x000004e4       0x2c c:/program files (x86)/atollic/truestudio for arm 5.4.0/armtools/bin/../lib/gcc/arm-atollic-eabi/4.8.3/../../../../arm-atollic-eabi/lib/armv6-m\libc_s.a(lib_a-strlen.o)
 .ARM.attributes
                0x00000510       0x2c c:/program files (x86)/atollic/truestudio for arm 5.4.0/armtools/bin/../lib/gcc/arm-atollic-eabi/4.8.3/../../../../arm-atollic-eabi/lib/armv6-m\libc_s.a(lib_a-strncpy.o)
 .ARM.attributes
                0x0000053c       0x1e c:/program files (x86)/atollic/truestudio for arm 5.4.0/armtools/bin/../lib/gcc/arm-atollic-eabi/4.8.3/armv6-m\libgcc.a(_thumb1_case_uqi.o)
 .ARM.attributes
                0x0000055a       0x1e c:/program files (x86)/atollic/truestudio for arm 5.4.0/armtools/bin/../lib/gcc/arm-atollic-eabi/4.8.3/armv6-m\libgcc.a(_udivsi3.o)
 .ARM.attributes
                0x00000578       0x1e c:/program files (x86)/atollic/truestudio for arm 5.4.0/armtools/bin/../lib/gcc/arm-atollic-eabi/4.8.3/armv6-m\libgcc.a(_dvmd_tls.o)
 .ARM.attributes
                0x00000596       0x1e c:/program files (x86)/atollic/truestudio for arm 5.4.0/armtools/bin/../lib/gcc/arm-atollic-eabi/4.8.3/armv6-m/crtn.o
OUTPUT(boot_STM32f030.elf elf32-littlearm)

.comment        0x00000000       0x82
 .comment       0x00000000       0x82 src\usart2.o
                                 0x83 (size before relaxing)
 .comment       0x00000000       0x83 src\usart1.o
 .comment       0x00000000       0x83 src\usart.o
 .comment       0x00000000       0x83 src\timer.o
 .comment       0x00000000       0x83 src\system_stm32f0xx.o
 .comment       0x00000000       0x83 src\stm32f0xx_it.o
 .comment       0x00000000       0x83 src\printf.o
 .comment       0x00000000       0x83 src\mybus.o
 .comment       0x00000000       0x83 src\main.o
 .comment       0x00000000       0x83 src\getline.o
 .comment       0x00000000       0x83 src\flash_if.o
 .comment       0x00000000       0x83 src\crc16.o
 .comment       0x00000000       0x83 src\cmdproc.o
 .comment       0x00000000       0x83 src\bootloader.o
 .comment       0x00000000       0x83 src\BL.o
 .comment       0x00000000       0x83 Libraries\STM32F0xx_StdPeriph_Driver\src\stm32f0xx_usart.o
 .comment       0x00000000       0x83 Libraries\STM32F0xx_StdPeriph_Driver\src\stm32f0xx_rcc.o
 .comment       0x00000000       0x83 Libraries\STM32F0xx_StdPeriph_Driver\src\stm32f0xx_misc.o
 .comment       0x00000000       0x83 Libraries\STM32F0xx_StdPeriph_Driver\src\stm32f0xx_iwdg.o
 .comment       0x00000000       0x83 Libraries\STM32F0xx_StdPeriph_Driver\src\stm32f0xx_gpio.o
 .comment       0x00000000       0x83 Libraries\STM32F0xx_StdPeriph_Driver\src\stm32f0xx_flash.o

.debug_frame    0x00000000       0xc0
 .debug_frame   0x00000000       0x2c c:/program files (x86)/atollic/truestudio for arm 5.4.0/armtools/bin/../lib/gcc/arm-atollic-eabi/4.8.3/../../../../arm-atollic-eabi/lib/armv6-m\libc_s.a(lib_a-init.o)
 .debug_frame   0x0000002c       0x28 c:/program files (x86)/atollic/truestudio for arm 5.4.0/armtools/bin/../lib/gcc/arm-atollic-eabi/4.8.3/../../../../arm-atollic-eabi/lib/armv6-m\libc_s.a(lib_a-memcpy-stub.o)
 .debug_frame   0x00000054       0x20 c:/program files (x86)/atollic/truestudio for arm 5.4.0/armtools/bin/../lib/gcc/arm-atollic-eabi/4.8.3/../../../../arm-atollic-eabi/lib/armv6-m\libc_s.a(lib_a-strlen.o)
 .debug_frame   0x00000074       0x2c c:/program files (x86)/atollic/truestudio for arm 5.4.0/armtools/bin/../lib/gcc/arm-atollic-eabi/4.8.3/../../../../arm-atollic-eabi/lib/armv6-m\libc_s.a(lib_a-strncpy.o)
 .debug_frame   0x000000a0       0x20 c:/program files (x86)/atollic/truestudio for arm 5.4.0/armtools/bin/../lib/gcc/arm-atollic-eabi/4.8.3/armv6-m\libgcc.a(_udivsi3.o)

Cross Reference Table

Symbol                                            File
ADC1_COMP_IRQHandler                              src\startup_stm32f0xx.o
ADC_AnalogWatchdogCmd                             Libraries\STM32F0xx_StdPeriph_Driver\src\stm32f0xx_adc.o
ADC_AnalogWatchdogSingleChannelCmd                Libraries\STM32F0xx_StdPeriph_Driver\src\stm32f0xx_adc.o
ADC_AnalogWatchdogSingleChannelConfig             Libraries\STM32F0xx_StdPeriph_Driver\src\stm32f0xx_adc.o
ADC_AnalogWatchdogThresholdsConfig                Libraries\STM32F0xx_StdPeriph_Driver\src\stm32f0xx_adc.o
ADC_AutoPowerOffCmd                               Libraries\STM32F0xx_StdPeriph_Driver\src\stm32f0xx_adc.o
ADC_ChannelConfig                                 Libraries\STM32F0xx_StdPeriph_Driver\src\stm32f0xx_adc.o
ADC_ClearFlag                                     Libraries\STM32F0xx_StdPeriph_Driver\src\stm32f0xx_adc.o
ADC_ClearITPendingBit                             Libraries\STM32F0xx_StdPeriph_Driver\src\stm32f0xx_adc.o
ADC_ClockModeConfig                               Libraries\STM32F0xx_StdPeriph_Driver\src\stm32f0xx_adc.o
ADC_Cmd                                           Libraries\STM32F0xx_StdPeriph_Driver\src\stm32f0xx_adc.o
ADC_ContinuousModeCmd                             Libraries\STM32F0xx_StdPeriph_Driver\src\stm32f0xx_adc.o
ADC_DMACmd                                        Libraries\STM32F0xx_StdPeriph_Driver\src\stm32f0xx_adc.o
ADC_DMARequestModeConfig                          Libraries\STM32F0xx_StdPeriph_Driver\src\stm32f0xx_adc.o
ADC_DeInit                                        Libraries\STM32F0xx_StdPeriph_Driver\src\stm32f0xx_adc.o
ADC_DiscModeCmd                                   Libraries\STM32F0xx_StdPeriph_Driver\src\stm32f0xx_adc.o
ADC_GetCalibrationFactor                          Libraries\STM32F0xx_StdPeriph_Driver\src\stm32f0xx_adc.o
ADC_GetConversionValue                            Libraries\STM32F0xx_StdPeriph_Driver\src\stm32f0xx_adc.o
ADC_GetFlagStatus                                 Libraries\STM32F0xx_StdPeriph_Driver\src\stm32f0xx_adc.o
ADC_GetITStatus                                   Libraries\STM32F0xx_StdPeriph_Driver\src\stm32f0xx_adc.o
ADC_ITConfig                                      Libraries\STM32F0xx_StdPeriph_Driver\src\stm32f0xx_adc.o
ADC_Init                                          Libraries\STM32F0xx_StdPeriph_Driver\src\stm32f0xx_adc.o
ADC_JitterCmd                                     Libraries\STM32F0xx_StdPeriph_Driver\src\stm32f0xx_adc.o
ADC_OverrunModeCmd                                Libraries\STM32F0xx_StdPeriph_Driver\src\stm32f0xx_adc.o
ADC_StartOfConversion                             Libraries\STM32F0xx_StdPeriph_Driver\src\stm32f0xx_adc.o
ADC_StopOfConversion                              Libraries\STM32F0xx_StdPeriph_Driver\src\stm32f0xx_adc.o
ADC_StructInit                                    Libraries\STM32F0xx_StdPeriph_Driver\src\stm32f0xx_adc.o
ADC_TempSensorCmd                                 Libraries\STM32F0xx_StdPeriph_Driver\src\stm32f0xx_adc.o
ADC_VbatCmd                                       Libraries\STM32F0xx_StdPeriph_Driver\src\stm32f0xx_adc.o
ADC_VrefintCmd                                    Libraries\STM32F0xx_StdPeriph_Driver\src\stm32f0xx_adc.o
ADC_WaitModeCmd                                   Libraries\STM32F0xx_StdPeriph_Driver\src\stm32f0xx_adc.o
AHBPrescTable                                     src\system_stm32f0xx.o
BusFault_Handler                                  src\stm32f0xx_it.o
CAN_CancelTransmit                                Libraries\STM32F0xx_StdPeriph_Driver\src\stm32f0xx_can.o
CAN_ClearFlag                                     Libraries\STM32F0xx_StdPeriph_Driver\src\stm32f0xx_can.o
CAN_ClearITPendingBit                             Libraries\STM32F0xx_StdPeriph_Driver\src\stm32f0xx_can.o
CAN_DBGFreeze                                     Libraries\STM32F0xx_StdPeriph_Driver\src\stm32f0xx_can.o
CAN_DeInit                                        Libraries\STM32F0xx_StdPeriph_Driver\src\stm32f0xx_can.o
CAN_FIFORelease                                   Libraries\STM32F0xx_StdPeriph_Driver\src\stm32f0xx_can.o
CAN_FilterInit                                    Libraries\STM32F0xx_StdPeriph_Driver\src\stm32f0xx_can.o
CAN_GetFlagStatus                                 Libraries\STM32F0xx_StdPeriph_Driver\src\stm32f0xx_can.o
CAN_GetITStatus                                   Libraries\STM32F0xx_StdPeriph_Driver\src\stm32f0xx_can.o
CAN_GetLSBTransmitErrorCounter                    Libraries\STM32F0xx_StdPeriph_Driver\src\stm32f0xx_can.o
CAN_GetLastErrorCode                              Libraries\STM32F0xx_StdPeriph_Driver\src\stm32f0xx_can.o
CAN_GetReceiveErrorCounter                        Libraries\STM32F0xx_StdPeriph_Driver\src\stm32f0xx_can.o
CAN_ITConfig                                      Libraries\STM32F0xx_StdPeriph_Driver\src\stm32f0xx_can.o
CAN_Init                                          Libraries\STM32F0xx_StdPeriph_Driver\src\stm32f0xx_can.o
CAN_MessagePending                                Libraries\STM32F0xx_StdPeriph_Driver\src\stm32f0xx_can.o
CAN_OperatingModeRequest                          Libraries\STM32F0xx_StdPeriph_Driver\src\stm32f0xx_can.o
CAN_Receive                                       Libraries\STM32F0xx_StdPeriph_Driver\src\stm32f0xx_can.o
CAN_SlaveStartBank                                Libraries\STM32F0xx_StdPeriph_Driver\src\stm32f0xx_can.o
CAN_Sleep                                         Libraries\STM32F0xx_StdPeriph_Driver\src\stm32f0xx_can.o
CAN_StructInit                                    Libraries\STM32F0xx_StdPeriph_Driver\src\stm32f0xx_can.o
CAN_TTComModeCmd                                  Libraries\STM32F0xx_StdPeriph_Driver\src\stm32f0xx_can.o
CAN_Transmit                                      Libraries\STM32F0xx_StdPeriph_Driver\src\stm32f0xx_can.o
CAN_TransmitStatus                                Libraries\STM32F0xx_StdPeriph_Driver\src\stm32f0xx_can.o
CAN_WakeUp                                        Libraries\STM32F0xx_StdPeriph_Driver\src\stm32f0xx_can.o
CEC_ClearFlag                                     Libraries\STM32F0xx_StdPeriph_Driver\src\stm32f0xx_cec.o
CEC_ClearITPendingBit                             Libraries\STM32F0xx_StdPeriph_Driver\src\stm32f0xx_cec.o
CEC_Cmd                                           Libraries\STM32F0xx_StdPeriph_Driver\src\stm32f0xx_cec.o
CEC_DeInit                                        Libraries\STM32F0xx_StdPeriph_Driver\src\stm32f0xx_cec.o
CEC_EndOfMessage                                  Libraries\STM32F0xx_StdPeriph_Driver\src\stm32f0xx_cec.o
CEC_GetFlagStatus                                 Libraries\STM32F0xx_StdPeriph_Driver\src\stm32f0xx_cec.o
CEC_GetITStatus                                   Libraries\STM32F0xx_StdPeriph_Driver\src\stm32f0xx_cec.o
CEC_IRQHandler                                    src\startup_stm32f0xx.o
CEC_ITConfig                                      Libraries\STM32F0xx_StdPeriph_Driver\src\stm32f0xx_cec.o
CEC_Init                                          Libraries\STM32F0xx_StdPeriph_Driver\src\stm32f0xx_cec.o
CEC_ListenModeCmd                                 Libraries\STM32F0xx_StdPeriph_Driver\src\stm32f0xx_cec.o
CEC_OwnAddressClear                               Libraries\STM32F0xx_StdPeriph_Driver\src\stm32f0xx_cec.o
CEC_OwnAddressConfig                              Libraries\STM32F0xx_StdPeriph_Driver\src\stm32f0xx_cec.o
CEC_ReceiveData                                   Libraries\STM32F0xx_StdPeriph_Driver\src\stm32f0xx_cec.o
CEC_SendData                                      Libraries\STM32F0xx_StdPeriph_Driver\src\stm32f0xx_cec.o
CEC_StartOfMessage                                Libraries\STM32F0xx_StdPeriph_Driver\src\stm32f0xx_cec.o
CEC_StructInit                                    Libraries\STM32F0xx_StdPeriph_Driver\src\stm32f0xx_cec.o
COMP_Cmd                                          Libraries\STM32F0xx_StdPeriph_Driver\src\stm32f0xx_comp.o
COMP_DeInit                                       Libraries\STM32F0xx_StdPeriph_Driver\src\stm32f0xx_comp.o
COMP_GetOutputLevel                               Libraries\STM32F0xx_StdPeriph_Driver\src\stm32f0xx_comp.o
COMP_Init                                         Libraries\STM32F0xx_StdPeriph_Driver\src\stm32f0xx_comp.o
COMP_LockConfig                                   Libraries\STM32F0xx_StdPeriph_Driver\src\stm32f0xx_comp.o
COMP_StructInit                                   Libraries\STM32F0xx_StdPeriph_Driver\src\stm32f0xx_comp.o
COMP_SwitchCmd                                    Libraries\STM32F0xx_StdPeriph_Driver\src\stm32f0xx_comp.o
COMP_WindowCmd                                    Libraries\STM32F0xx_StdPeriph_Driver\src\stm32f0xx_comp.o
CRC_CalcBlockCRC                                  Libraries\STM32F0xx_StdPeriph_Driver\src\stm32f0xx_crc.o
CRC_CalcCRC                                       Libraries\STM32F0xx_StdPeriph_Driver\src\stm32f0xx_crc.o
CRC_CalcCRC16bits                                 Libraries\STM32F0xx_StdPeriph_Driver\src\stm32f0xx_crc.o
CRC_CalcCRC8bits                                  Libraries\STM32F0xx_StdPeriph_Driver\src\stm32f0xx_crc.o
CRC_DeInit                                        Libraries\STM32F0xx_StdPeriph_Driver\src\stm32f0xx_crc.o
CRC_GetCRC                                        Libraries\STM32F0xx_StdPeriph_Driver\src\stm32f0xx_crc.o
CRC_GetIDRegister                                 Libraries\STM32F0xx_StdPeriph_Driver\src\stm32f0xx_crc.o
CRC_PolynomialSizeSelect                          Libraries\STM32F0xx_StdPeriph_Driver\src\stm32f0xx_crc.o
CRC_ResetDR                                       Libraries\STM32F0xx_StdPeriph_Driver\src\stm32f0xx_crc.o
CRC_ReverseInputDataSelect                        Libraries\STM32F0xx_StdPeriph_Driver\src\stm32f0xx_crc.o
CRC_ReverseOutputDataCmd                          Libraries\STM32F0xx_StdPeriph_Driver\src\stm32f0xx_crc.o
CRC_SetIDRegister                                 Libraries\STM32F0xx_StdPeriph_Driver\src\stm32f0xx_crc.o
CRC_SetInitRegister                               Libraries\STM32F0xx_StdPeriph_Driver\src\stm32f0xx_crc.o
CRC_SetPolynomial                                 Libraries\STM32F0xx_StdPeriph_Driver\src\stm32f0xx_crc.o
CRS_AdjustHSI48CalibrationValue                   Libraries\STM32F0xx_StdPeriph_Driver\src\stm32f0xx_crs.o
CRS_AutomaticCalibrationCmd                       Libraries\STM32F0xx_StdPeriph_Driver\src\stm32f0xx_crs.o
CRS_ClearFlag                                     Libraries\STM32F0xx_StdPeriph_Driver\src\stm32f0xx_crs.o
CRS_ClearITPendingBit                             Libraries\STM32F0xx_StdPeriph_Driver\src\stm32f0xx_crs.o
CRS_DeInit                                        Libraries\STM32F0xx_StdPeriph_Driver\src\stm32f0xx_crs.o
CRS_FrequencyErrorCounterCmd                      Libraries\STM32F0xx_StdPeriph_Driver\src\stm32f0xx_crs.o
CRS_FrequencyErrorCounterReload                   Libraries\STM32F0xx_StdPeriph_Driver\src\stm32f0xx_crs.o
CRS_FrequencyErrorLimitConfig                     Libraries\STM32F0xx_StdPeriph_Driver\src\stm32f0xx_crs.o
CRS_GetFlagStatus                                 Libraries\STM32F0xx_StdPeriph_Driver\src\stm32f0xx_crs.o
CRS_GetFrequencyErrorDirection                    Libraries\STM32F0xx_StdPeriph_Driver\src\stm32f0xx_crs.o
CRS_GetFrequencyErrorValue                        Libraries\STM32F0xx_StdPeriph_Driver\src\stm32f0xx_crs.o
CRS_GetHSI48CalibrationValue                      Libraries\STM32F0xx_StdPeriph_Driver\src\stm32f0xx_crs.o
CRS_GetITStatus                                   Libraries\STM32F0xx_StdPeriph_Driver\src\stm32f0xx_crs.o
CRS_GetReloadValue                                Libraries\STM32F0xx_StdPeriph_Driver\src\stm32f0xx_crs.o
CRS_ITConfig                                      Libraries\STM32F0xx_StdPeriph_Driver\src\stm32f0xx_crs.o
CRS_SoftwareSynchronizationGenerate               Libraries\STM32F0xx_StdPeriph_Driver\src\stm32f0xx_crs.o
CRS_SynchronizationPolarityConfig                 Libraries\STM32F0xx_StdPeriph_Driver\src\stm32f0xx_crs.o
CRS_SynchronizationPrescalerConfig                Libraries\STM32F0xx_StdPeriph_Driver\src\stm32f0xx_crs.o
CRS_SynchronizationSourceConfig                   Libraries\STM32F0xx_StdPeriph_Driver\src\stm32f0xx_crs.o
DAC_ClearFlag                                     Libraries\STM32F0xx_StdPeriph_Driver\src\stm32f0xx_dac.o
DAC_ClearITPendingBit                             Libraries\STM32F0xx_StdPeriph_Driver\src\stm32f0xx_dac.o
DAC_Cmd                                           Libraries\STM32F0xx_StdPeriph_Driver\src\stm32f0xx_dac.o
DAC_DMACmd                                        Libraries\STM32F0xx_StdPeriph_Driver\src\stm32f0xx_dac.o
DAC_DeInit                                        Libraries\STM32F0xx_StdPeriph_Driver\src\stm32f0xx_dac.o
DAC_DualSoftwareTriggerCmd                        Libraries\STM32F0xx_StdPeriph_Driver\src\stm32f0xx_dac.o
DAC_GetDataOutputValue                            Libraries\STM32F0xx_StdPeriph_Driver\src\stm32f0xx_dac.o
DAC_GetFlagStatus                                 Libraries\STM32F0xx_StdPeriph_Driver\src\stm32f0xx_dac.o
DAC_GetITStatus                                   Libraries\STM32F0xx_StdPeriph_Driver\src\stm32f0xx_dac.o
DAC_ITConfig                                      Libraries\STM32F0xx_StdPeriph_Driver\src\stm32f0xx_dac.o
DAC_Init                                          Libraries\STM32F0xx_StdPeriph_Driver\src\stm32f0xx_dac.o
DAC_SetChannel1Data                               Libraries\STM32F0xx_StdPeriph_Driver\src\stm32f0xx_dac.o
DAC_SetChannel2Data                               Libraries\STM32F0xx_StdPeriph_Driver\src\stm32f0xx_dac.o
DAC_SetDualChannelData                            Libraries\STM32F0xx_StdPeriph_Driver\src\stm32f0xx_dac.o
DAC_SoftwareTriggerCmd                            Libraries\STM32F0xx_StdPeriph_Driver\src\stm32f0xx_dac.o
DAC_StructInit                                    Libraries\STM32F0xx_StdPeriph_Driver\src\stm32f0xx_dac.o
DAC_WaveGenerationCmd                             Libraries\STM32F0xx_StdPeriph_Driver\src\stm32f0xx_dac.o
DBGMCU_APB1PeriphConfig                           Libraries\STM32F0xx_StdPeriph_Driver\src\stm32f0xx_dbgmcu.o
DBGMCU_APB2PeriphConfig                           Libraries\STM32F0xx_StdPeriph_Driver\src\stm32f0xx_dbgmcu.o
DBGMCU_Config                                     Libraries\STM32F0xx_StdPeriph_Driver\src\stm32f0xx_dbgmcu.o
DBGMCU_GetDEVID                                   Libraries\STM32F0xx_StdPeriph_Driver\src\stm32f0xx_dbgmcu.o
DBGMCU_GetREVID                                   Libraries\STM32F0xx_StdPeriph_Driver\src\stm32f0xx_dbgmcu.o
DMA1_Channel1_IRQHandler                          src\startup_stm32f0xx.o
DMA1_Channel2_3_IRQHandler                        src\startup_stm32f0xx.o
DMA1_Channel4_5_IRQHandler                        src\startup_stm32f0xx.o
DMA_ClearFlag                                     Libraries\STM32F0xx_StdPeriph_Driver\src\stm32f0xx_dma.o
DMA_ClearITPendingBit                             Libraries\STM32F0xx_StdPeriph_Driver\src\stm32f0xx_dma.o
DMA_Cmd                                           Libraries\STM32F0xx_StdPeriph_Driver\src\stm32f0xx_dma.o
DMA_DeInit                                        Libraries\STM32F0xx_StdPeriph_Driver\src\stm32f0xx_dma.o
DMA_GetCurrDataCounter                            Libraries\STM32F0xx_StdPeriph_Driver\src\stm32f0xx_dma.o
DMA_GetFlagStatus                                 Libraries\STM32F0xx_StdPeriph_Driver\src\stm32f0xx_dma.o
DMA_GetITStatus                                   Libraries\STM32F0xx_StdPeriph_Driver\src\stm32f0xx_dma.o
DMA_ITConfig                                      Libraries\STM32F0xx_StdPeriph_Driver\src\stm32f0xx_dma.o
DMA_Init                                          Libraries\STM32F0xx_StdPeriph_Driver\src\stm32f0xx_dma.o
DMA_SetCurrDataCounter                            Libraries\STM32F0xx_StdPeriph_Driver\src\stm32f0xx_dma.o
DMA_StructInit                                    Libraries\STM32F0xx_StdPeriph_Driver\src\stm32f0xx_dma.o
DebugMon_Handler                                  src\stm32f0xx_it.o
Default_Handler                                   src\startup_stm32f0xx.o
EXTI0_1_IRQHandler                                src\startup_stm32f0xx.o
EXTI2_3_IRQHandler                                src\startup_stm32f0xx.o
EXTI4_15_IRQHandler                               src\startup_stm32f0xx.o
EXTI_ClearFlag                                    Libraries\STM32F0xx_StdPeriph_Driver\src\stm32f0xx_exti.o
EXTI_ClearITPendingBit                            Libraries\STM32F0xx_StdPeriph_Driver\src\stm32f0xx_exti.o
EXTI_DeInit                                       Libraries\STM32F0xx_StdPeriph_Driver\src\stm32f0xx_exti.o
EXTI_GenerateSWInterrupt                          Libraries\STM32F0xx_StdPeriph_Driver\src\stm32f0xx_exti.o
EXTI_GetFlagStatus                                Libraries\STM32F0xx_StdPeriph_Driver\src\stm32f0xx_exti.o
EXTI_GetITStatus                                  Libraries\STM32F0xx_StdPeriph_Driver\src\stm32f0xx_exti.o
EXTI_Init                                         Libraries\STM32F0xx_StdPeriph_Driver\src\stm32f0xx_exti.o
EXTI_StructInit                                   Libraries\STM32F0xx_StdPeriph_Driver\src\stm32f0xx_exti.o
FLASH_ClearFlag                                   Libraries\STM32F0xx_StdPeriph_Driver\src\stm32f0xx_flash.o
                                                  src\flash_if.o
FLASH_EraseAllPages                               Libraries\STM32F0xx_StdPeriph_Driver\src\stm32f0xx_flash.o
FLASH_ErasePage                                   Libraries\STM32F0xx_StdPeriph_Driver\src\stm32f0xx_flash.o
                                                  src\BL.o
                                                  src\bootloader.o
                                                  src\flash_if.o
FLASH_GetFlagStatus                               Libraries\STM32F0xx_StdPeriph_Driver\src\stm32f0xx_flash.o
FLASH_GetPrefetchBufferStatus                     Libraries\STM32F0xx_StdPeriph_Driver\src\stm32f0xx_flash.o
FLASH_GetStatus                                   Libraries\STM32F0xx_StdPeriph_Driver\src\stm32f0xx_flash.o
FLASH_IRQHandler                                  src\startup_stm32f0xx.o
FLASH_ITConfig                                    Libraries\STM32F0xx_StdPeriph_Driver\src\stm32f0xx_flash.o
FLASH_If_DisableWriteProtection                   src\flash_if.o
FLASH_If_Erase                                    src\flash_if.o
FLASH_If_GetWriteProtectionStatus                 src\flash_if.o
FLASH_If_Init                                     src\flash_if.o
                                                  src\BL.o
                                                  src\bootloader.o
FLASH_If_Write                                    src\flash_if.o
                                                  src\BL.o
                                                  src\bootloader.o
FLASH_Lock                                        Libraries\STM32F0xx_StdPeriph_Driver\src\stm32f0xx_flash.o
                                                  src\BL.o
                                                  src\bootloader.o
FLASH_OB_BOOT0Config                              Libraries\STM32F0xx_StdPeriph_Driver\src\stm32f0xx_flash.o
FLASH_OB_BOOT0SWConfig                            Libraries\STM32F0xx_StdPeriph_Driver\src\stm32f0xx_flash.o
FLASH_OB_BOOTConfig                               Libraries\STM32F0xx_StdPeriph_Driver\src\stm32f0xx_flash.o
FLASH_OB_EnableWRP                                Libraries\STM32F0xx_StdPeriph_Driver\src\stm32f0xx_flash.o
                                                  src\flash_if.o
FLASH_OB_Erase                                    Libraries\STM32F0xx_StdPeriph_Driver\src\stm32f0xx_flash.o
                                                  src\flash_if.o
FLASH_OB_GetRDP                                   Libraries\STM32F0xx_StdPeriph_Driver\src\stm32f0xx_flash.o
FLASH_OB_GetUser                                  Libraries\STM32F0xx_StdPeriph_Driver\src\stm32f0xx_flash.o
FLASH_OB_GetWRP                                   Libraries\STM32F0xx_StdPeriph_Driver\src\stm32f0xx_flash.o
                                                  src\flash_if.o
FLASH_OB_Launch                                   Libraries\STM32F0xx_StdPeriph_Driver\src\stm32f0xx_flash.o
FLASH_OB_Lock                                     Libraries\STM32F0xx_StdPeriph_Driver\src\stm32f0xx_flash.o
FLASH_OB_ProgramData                              Libraries\STM32F0xx_StdPeriph_Driver\src\stm32f0xx_flash.o
FLASH_OB_RDPConfig                                Libraries\STM32F0xx_StdPeriph_Driver\src\stm32f0xx_flash.o
FLASH_OB_SRAMParityConfig                         Libraries\STM32F0xx_StdPeriph_Driver\src\stm32f0xx_flash.o
FLASH_OB_Unlock                                   Libraries\STM32F0xx_StdPeriph_Driver\src\stm32f0xx_flash.o
                                                  src\flash_if.o
FLASH_OB_UserConfig                               Libraries\STM32F0xx_StdPeriph_Driver\src\stm32f0xx_flash.o
FLASH_OB_VDDAConfig                               Libraries\STM32F0xx_StdPeriph_Driver\src\stm32f0xx_flash.o
FLASH_OB_WriteUser                                Libraries\STM32F0xx_StdPeriph_Driver\src\stm32f0xx_flash.o
FLASH_PrefetchBufferCmd                           Libraries\STM32F0xx_StdPeriph_Driver\src\stm32f0xx_flash.o
FLASH_ProgramHalfWord                             Libraries\STM32F0xx_StdPeriph_Driver\src\stm32f0xx_flash.o
FLASH_ProgramWord                                 Libraries\STM32F0xx_StdPeriph_Driver\src\stm32f0xx_flash.o
                                                  src\flash_if.o
FLASH_SetLatency                                  Libraries\STM32F0xx_StdPeriph_Driver\src\stm32f0xx_flash.o
FLASH_Unlock                                      Libraries\STM32F0xx_StdPeriph_Driver\src\stm32f0xx_flash.o
                                                  src\bootloader.o
                                                  src\flash_if.o
FLASH_WaitForLastOperation                        Libraries\STM32F0xx_StdPeriph_Driver\src\stm32f0xx_flash.o
GPIO_DeInit                                       Libraries\STM32F0xx_StdPeriph_Driver\src\stm32f0xx_gpio.o
GPIO_Init                                         Libraries\STM32F0xx_StdPeriph_Driver\src\stm32f0xx_gpio.o
                                                  src\main.o
                                                  src\usart.o
GPIO_PinAFConfig                                  Libraries\STM32F0xx_StdPeriph_Driver\src\stm32f0xx_gpio.o
                                                  src\main.o
                                                  src\usart.o
GPIO_PinLockConfig                                Libraries\STM32F0xx_StdPeriph_Driver\src\stm32f0xx_gpio.o
GPIO_ReadInputData                                Libraries\STM32F0xx_StdPeriph_Driver\src\stm32f0xx_gpio.o
GPIO_ReadInputDataBit                             Libraries\STM32F0xx_StdPeriph_Driver\src\stm32f0xx_gpio.o
GPIO_ReadOutputData                               Libraries\STM32F0xx_StdPeriph_Driver\src\stm32f0xx_gpio.o
GPIO_ReadOutputDataBit                            Libraries\STM32F0xx_StdPeriph_Driver\src\stm32f0xx_gpio.o
GPIO_ResetBits                                    Libraries\STM32F0xx_StdPeriph_Driver\src\stm32f0xx_gpio.o
GPIO_SetBits                                      Libraries\STM32F0xx_StdPeriph_Driver\src\stm32f0xx_gpio.o
GPIO_StructInit                                   Libraries\STM32F0xx_StdPeriph_Driver\src\stm32f0xx_gpio.o
GPIO_Write                                        Libraries\STM32F0xx_StdPeriph_Driver\src\stm32f0xx_gpio.o
GPIO_WriteBit                                     Libraries\STM32F0xx_StdPeriph_Driver\src\stm32f0xx_gpio.o
HW_version_str                                    src\BL.o
HardFault_Handler                                 src\stm32f0xx_it.o
I2C1_IRQHandler                                   src\startup_stm32f0xx.o
I2C2_IRQHandler                                   src\startup_stm32f0xx.o
I2C_10BitAddressHeaderCmd                         Libraries\STM32F0xx_StdPeriph_Driver\src\stm32f0xx_i2c.o
I2C_10BitAddressingModeCmd                        Libraries\STM32F0xx_StdPeriph_Driver\src\stm32f0xx_i2c.o
I2C_AcknowledgeConfig                             Libraries\STM32F0xx_StdPeriph_Driver\src\stm32f0xx_i2c.o
I2C_AutoEndCmd                                    Libraries\STM32F0xx_StdPeriph_Driver\src\stm32f0xx_i2c.o
I2C_CalculatePEC                                  Libraries\STM32F0xx_StdPeriph_Driver\src\stm32f0xx_i2c.o
I2C_ClearFlag                                     Libraries\STM32F0xx_StdPeriph_Driver\src\stm32f0xx_i2c.o
I2C_ClearITPendingBit                             Libraries\STM32F0xx_StdPeriph_Driver\src\stm32f0xx_i2c.o
I2C_ClockTimeoutCmd                               Libraries\STM32F0xx_StdPeriph_Driver\src\stm32f0xx_i2c.o
I2C_Cmd                                           Libraries\STM32F0xx_StdPeriph_Driver\src\stm32f0xx_i2c.o
I2C_DMACmd                                        Libraries\STM32F0xx_StdPeriph_Driver\src\stm32f0xx_i2c.o
I2C_DeInit                                        Libraries\STM32F0xx_StdPeriph_Driver\src\stm32f0xx_i2c.o
I2C_DualAddressCmd                                Libraries\STM32F0xx_StdPeriph_Driver\src\stm32f0xx_i2c.o
I2C_ExtendedClockTimeoutCmd                       Libraries\STM32F0xx_StdPeriph_Driver\src\stm32f0xx_i2c.o
I2C_GeneralCallCmd                                Libraries\STM32F0xx_StdPeriph_Driver\src\stm32f0xx_i2c.o
I2C_GenerateSTART                                 Libraries\STM32F0xx_StdPeriph_Driver\src\stm32f0xx_i2c.o
I2C_GenerateSTOP                                  Libraries\STM32F0xx_StdPeriph_Driver\src\stm32f0xx_i2c.o
I2C_GetAddressMatched                             Libraries\STM32F0xx_StdPeriph_Driver\src\stm32f0xx_i2c.o
I2C_GetFlagStatus                                 Libraries\STM32F0xx_StdPeriph_Driver\src\stm32f0xx_i2c.o
I2C_GetITStatus                                   Libraries\STM32F0xx_StdPeriph_Driver\src\stm32f0xx_i2c.o
I2C_GetPEC                                        Libraries\STM32F0xx_StdPeriph_Driver\src\stm32f0xx_i2c.o
I2C_GetTransferDirection                          Libraries\STM32F0xx_StdPeriph_Driver\src\stm32f0xx_i2c.o
I2C_ITConfig                                      Libraries\STM32F0xx_StdPeriph_Driver\src\stm32f0xx_i2c.o
I2C_IdleClockTimeoutCmd                           Libraries\STM32F0xx_StdPeriph_Driver\src\stm32f0xx_i2c.o
I2C_Init                                          Libraries\STM32F0xx_StdPeriph_Driver\src\stm32f0xx_i2c.o
I2C_MasterRequestConfig                           Libraries\STM32F0xx_StdPeriph_Driver\src\stm32f0xx_i2c.o
I2C_NumberOfBytesConfig                           Libraries\STM32F0xx_StdPeriph_Driver\src\stm32f0xx_i2c.o
I2C_OwnAddress2Config                             Libraries\STM32F0xx_StdPeriph_Driver\src\stm32f0xx_i2c.o
I2C_PECRequestCmd                                 Libraries\STM32F0xx_StdPeriph_Driver\src\stm32f0xx_i2c.o
I2C_ReadRegister                                  Libraries\STM32F0xx_StdPeriph_Driver\src\stm32f0xx_i2c.o
I2C_ReceiveData                                   Libraries\STM32F0xx_StdPeriph_Driver\src\stm32f0xx_i2c.o
I2C_ReloadCmd                                     Libraries\STM32F0xx_StdPeriph_Driver\src\stm32f0xx_i2c.o
I2C_SMBusAlertCmd                                 Libraries\STM32F0xx_StdPeriph_Driver\src\stm32f0xx_i2c.o
I2C_SendData                                      Libraries\STM32F0xx_StdPeriph_Driver\src\stm32f0xx_i2c.o
I2C_SlaveAddressConfig                            Libraries\STM32F0xx_StdPeriph_Driver\src\stm32f0xx_i2c.o
I2C_SlaveByteControlCmd                           Libraries\STM32F0xx_StdPeriph_Driver\src\stm32f0xx_i2c.o
I2C_SoftwareResetCmd                              Libraries\STM32F0xx_StdPeriph_Driver\src\stm32f0xx_i2c.o
I2C_StopModeCmd                                   Libraries\STM32F0xx_StdPeriph_Driver\src\stm32f0xx_i2c.o
I2C_StretchClockCmd                               Libraries\STM32F0xx_StdPeriph_Driver\src\stm32f0xx_i2c.o
I2C_StructInit                                    Libraries\STM32F0xx_StdPeriph_Driver\src\stm32f0xx_i2c.o
I2C_TimeoutAConfig                                Libraries\STM32F0xx_StdPeriph_Driver\src\stm32f0xx_i2c.o
I2C_TimeoutBConfig                                Libraries\STM32F0xx_StdPeriph_Driver\src\stm32f0xx_i2c.o
I2C_TransferHandling                              Libraries\STM32F0xx_StdPeriph_Driver\src\stm32f0xx_i2c.o
I2S_Cmd                                           Libraries\STM32F0xx_StdPeriph_Driver\src\stm32f0xx_spi.o
I2S_Init                                          Libraries\STM32F0xx_StdPeriph_Driver\src\stm32f0xx_spi.o
I2S_StructInit                                    Libraries\STM32F0xx_StdPeriph_Driver\src\stm32f0xx_spi.o
IWDG_Enable                                       Libraries\STM32F0xx_StdPeriph_Driver\src\stm32f0xx_iwdg.o
                                                  src\BL.o
                                                  src\bootloader.o
IWDG_GetFlagStatus                                Libraries\STM32F0xx_StdPeriph_Driver\src\stm32f0xx_iwdg.o
IWDG_ReloadCounter                                Libraries\STM32F0xx_StdPeriph_Driver\src\stm32f0xx_iwdg.o
IWDG_SetPrescaler                                 Libraries\STM32F0xx_StdPeriph_Driver\src\stm32f0xx_iwdg.o
IWDG_SetReload                                    Libraries\STM32F0xx_StdPeriph_Driver\src\stm32f0xx_iwdg.o
IWDG_SetWindowValue                               Libraries\STM32F0xx_StdPeriph_Driver\src\stm32f0xx_iwdg.o
IWDG_WriteAccessCmd                               Libraries\STM32F0xx_StdPeriph_Driver\src\stm32f0xx_iwdg.o
MemManage_Handler                                 src\stm32f0xx_it.o
NMI_Handler                                       src\stm32f0xx_it.o
NVIC_Init                                         Libraries\STM32F0xx_StdPeriph_Driver\src\stm32f0xx_misc.o
                                                  src\usart1.o
                                                  src\usart2.o
NVIC_SystemLPConfig                               Libraries\STM32F0xx_StdPeriph_Driver\src\stm32f0xx_misc.o
PVD_IRQHandler                                    src\startup_stm32f0xx.o
PWR_BackupAccessCmd                               Libraries\STM32F0xx_StdPeriph_Driver\src\stm32f0xx_pwr.o
PWR_ClearFlag                                     Libraries\STM32F0xx_StdPeriph_Driver\src\stm32f0xx_pwr.o
PWR_DeInit                                        Libraries\STM32F0xx_StdPeriph_Driver\src\stm32f0xx_pwr.o
PWR_EnterSTANDBYMode                              Libraries\STM32F0xx_StdPeriph_Driver\src\stm32f0xx_pwr.o
PWR_EnterSTOPMode                                 Libraries\STM32F0xx_StdPeriph_Driver\src\stm32f0xx_pwr.o
PWR_EnterSleepMode                                Libraries\STM32F0xx_StdPeriph_Driver\src\stm32f0xx_pwr.o
PWR_GetFlagStatus                                 Libraries\STM32F0xx_StdPeriph_Driver\src\stm32f0xx_pwr.o
PWR_PVDCmd                                        Libraries\STM32F0xx_StdPeriph_Driver\src\stm32f0xx_pwr.o
PWR_PVDLevelConfig                                Libraries\STM32F0xx_StdPeriph_Driver\src\stm32f0xx_pwr.o
PWR_WakeUpPinCmd                                  Libraries\STM32F0xx_StdPeriph_Driver\src\stm32f0xx_pwr.o
PendSV_Handler                                    src\stm32f0xx_it.o
RCC_ADCCLKConfig                                  Libraries\STM32F0xx_StdPeriph_Driver\src\stm32f0xx_rcc.o
RCC_AHBPeriphClockCmd                             Libraries\STM32F0xx_StdPeriph_Driver\src\stm32f0xx_rcc.o
                                                  src\main.o
                                                  src\usart.o
RCC_AHBPeriphResetCmd                             Libraries\STM32F0xx_StdPeriph_Driver\src\stm32f0xx_rcc.o
                                                  Libraries\STM32F0xx_StdPeriph_Driver\src\stm32f0xx_gpio.o
RCC_APB1PeriphClockCmd                            Libraries\STM32F0xx_StdPeriph_Driver\src\stm32f0xx_rcc.o
                                                  src\main.o
                                                  src\usart.o
RCC_APB1PeriphResetCmd                            Libraries\STM32F0xx_StdPeriph_Driver\src\stm32f0xx_rcc.o
                                                  Libraries\STM32F0xx_StdPeriph_Driver\src\stm32f0xx_can.o
                                                  Libraries\STM32F0xx_StdPeriph_Driver\src\stm32f0xx_cec.o
                                                  Libraries\STM32F0xx_StdPeriph_Driver\src\stm32f0xx_crs.o
                                                  Libraries\STM32F0xx_StdPeriph_Driver\src\stm32f0xx_dac.o
                                                  Libraries\STM32F0xx_StdPeriph_Driver\src\stm32f0xx_i2c.o
                                                  Libraries\STM32F0xx_StdPeriph_Driver\src\stm32f0xx_pwr.o
                                                  Libraries\STM32F0xx_StdPeriph_Driver\src\stm32f0xx_spi.o
                                                  Libraries\STM32F0xx_StdPeriph_Driver\src\stm32f0xx_tim.o
                                                  Libraries\STM32F0xx_StdPeriph_Driver\src\stm32f0xx_usart.o
                                                  Libraries\STM32F0xx_StdPeriph_Driver\src\stm32f0xx_wwdg.o
RCC_APB2PeriphClockCmd                            Libraries\STM32F0xx_StdPeriph_Driver\src\stm32f0xx_rcc.o
                                                  src\bootloader.o
                                                  src\main.o
                                                  src\usart.o
RCC_APB2PeriphResetCmd                            Libraries\STM32F0xx_StdPeriph_Driver\src\stm32f0xx_rcc.o
                                                  Libraries\STM32F0xx_StdPeriph_Driver\src\stm32f0xx_adc.o
                                                  Libraries\STM32F0xx_StdPeriph_Driver\src\stm32f0xx_spi.o
                                                  Libraries\STM32F0xx_StdPeriph_Driver\src\stm32f0xx_tim.o
                                                  Libraries\STM32F0xx_StdPeriph_Driver\src\stm32f0xx_usart.o
RCC_AdjustHSI14CalibrationValue                   Libraries\STM32F0xx_StdPeriph_Driver\src\stm32f0xx_rcc.o
RCC_AdjustHSICalibrationValue                     Libraries\STM32F0xx_StdPeriph_Driver\src\stm32f0xx_rcc.o
RCC_BackupResetCmd                                Libraries\STM32F0xx_StdPeriph_Driver\src\stm32f0xx_rcc.o
RCC_CECCLKConfig                                  Libraries\STM32F0xx_StdPeriph_Driver\src\stm32f0xx_rcc.o
RCC_ClearFlag                                     Libraries\STM32F0xx_StdPeriph_Driver\src\stm32f0xx_rcc.o
RCC_ClearITPendingBit                             Libraries\STM32F0xx_StdPeriph_Driver\src\stm32f0xx_rcc.o
RCC_ClockSecuritySystemCmd                        Libraries\STM32F0xx_StdPeriph_Driver\src\stm32f0xx_rcc.o
RCC_DeInit                                        Libraries\STM32F0xx_StdPeriph_Driver\src\stm32f0xx_rcc.o
RCC_GetClocksFreq                                 Libraries\STM32F0xx_StdPeriph_Driver\src\stm32f0xx_rcc.o
                                                  Libraries\STM32F0xx_StdPeriph_Driver\src\stm32f0xx_spi.o
                                                  Libraries\STM32F0xx_StdPeriph_Driver\src\stm32f0xx_usart.o
                                                  src\timer.o
RCC_GetFlagStatus                                 Libraries\STM32F0xx_StdPeriph_Driver\src\stm32f0xx_rcc.o
RCC_GetITStatus                                   Libraries\STM32F0xx_StdPeriph_Driver\src\stm32f0xx_rcc.o
RCC_GetSYSCLKSource                               Libraries\STM32F0xx_StdPeriph_Driver\src\stm32f0xx_rcc.o
RCC_HCLKConfig                                    Libraries\STM32F0xx_StdPeriph_Driver\src\stm32f0xx_rcc.o
RCC_HSEConfig                                     Libraries\STM32F0xx_StdPeriph_Driver\src\stm32f0xx_rcc.o
RCC_HSI14ADCRequestCmd                            Libraries\STM32F0xx_StdPeriph_Driver\src\stm32f0xx_rcc.o
RCC_HSI14Cmd                                      Libraries\STM32F0xx_StdPeriph_Driver\src\stm32f0xx_rcc.o
RCC_HSI48Cmd                                      Libraries\STM32F0xx_StdPeriph_Driver\src\stm32f0xx_rcc.o
RCC_HSICmd                                        Libraries\STM32F0xx_StdPeriph_Driver\src\stm32f0xx_rcc.o
RCC_I2CCLKConfig                                  Libraries\STM32F0xx_StdPeriph_Driver\src\stm32f0xx_rcc.o
RCC_IRQHandler                                    src\startup_stm32f0xx.o
RCC_ITConfig                                      Libraries\STM32F0xx_StdPeriph_Driver\src\stm32f0xx_rcc.o
RCC_LSEConfig                                     Libraries\STM32F0xx_StdPeriph_Driver\src\stm32f0xx_rcc.o
RCC_LSEDriveConfig                                Libraries\STM32F0xx_StdPeriph_Driver\src\stm32f0xx_rcc.o
RCC_LSICmd                                        Libraries\STM32F0xx_StdPeriph_Driver\src\stm32f0xx_rcc.o
RCC_MCOConfig                                     Libraries\STM32F0xx_StdPeriph_Driver\src\stm32f0xx_rcc.o
RCC_PCLKConfig                                    Libraries\STM32F0xx_StdPeriph_Driver\src\stm32f0xx_rcc.o
RCC_PLLCmd                                        Libraries\STM32F0xx_StdPeriph_Driver\src\stm32f0xx_rcc.o
RCC_PLLConfig                                     Libraries\STM32F0xx_StdPeriph_Driver\src\stm32f0xx_rcc.o
RCC_PREDIV1Config                                 Libraries\STM32F0xx_StdPeriph_Driver\src\stm32f0xx_rcc.o
RCC_RTCCLKCmd                                     Libraries\STM32F0xx_StdPeriph_Driver\src\stm32f0xx_rcc.o
RCC_RTCCLKConfig                                  Libraries\STM32F0xx_StdPeriph_Driver\src\stm32f0xx_rcc.o
RCC_SYSCLKConfig                                  Libraries\STM32F0xx_StdPeriph_Driver\src\stm32f0xx_rcc.o
RCC_USARTCLKConfig                                Libraries\STM32F0xx_StdPeriph_Driver\src\stm32f0xx_rcc.o
RCC_USBCLKConfig                                  Libraries\STM32F0xx_StdPeriph_Driver\src\stm32f0xx_rcc.o
RCC_WaitForHSEStartUp                             Libraries\STM32F0xx_StdPeriph_Driver\src\stm32f0xx_rcc.o
RTC_AlarmCmd                                      Libraries\STM32F0xx_StdPeriph_Driver\src\stm32f0xx_rtc.o
RTC_AlarmStructInit                               Libraries\STM32F0xx_StdPeriph_Driver\src\stm32f0xx_rtc.o
RTC_AlarmSubSecondConfig                          Libraries\STM32F0xx_StdPeriph_Driver\src\stm32f0xx_rtc.o
RTC_BypassShadowCmd                               Libraries\STM32F0xx_StdPeriph_Driver\src\stm32f0xx_rtc.o
RTC_CalibOutputCmd                                Libraries\STM32F0xx_StdPeriph_Driver\src\stm32f0xx_rtc.o
RTC_CalibOutputConfig                             Libraries\STM32F0xx_StdPeriph_Driver\src\stm32f0xx_rtc.o
RTC_ClearFlag                                     Libraries\STM32F0xx_StdPeriph_Driver\src\stm32f0xx_rtc.o
RTC_ClearITPendingBit                             Libraries\STM32F0xx_StdPeriph_Driver\src\stm32f0xx_rtc.o
RTC_DateStructInit                                Libraries\STM32F0xx_StdPeriph_Driver\src\stm32f0xx_rtc.o
RTC_DayLightSavingConfig                          Libraries\STM32F0xx_StdPeriph_Driver\src\stm32f0xx_rtc.o
RTC_DeInit                                        Libraries\STM32F0xx_StdPeriph_Driver\src\stm32f0xx_rtc.o
RTC_EnterInitMode                                 Libraries\STM32F0xx_StdPeriph_Driver\src\stm32f0xx_rtc.o
RTC_ExitInitMode                                  Libraries\STM32F0xx_StdPeriph_Driver\src\stm32f0xx_rtc.o
RTC_GetAlarm                                      Libraries\STM32F0xx_StdPeriph_Driver\src\stm32f0xx_rtc.o
RTC_GetAlarmSubSecond                             Libraries\STM32F0xx_StdPeriph_Driver\src\stm32f0xx_rtc.o
RTC_GetDate                                       Libraries\STM32F0xx_StdPeriph_Driver\src\stm32f0xx_rtc.o
RTC_GetFlagStatus                                 Libraries\STM32F0xx_StdPeriph_Driver\src\stm32f0xx_rtc.o
RTC_GetITStatus                                   Libraries\STM32F0xx_StdPeriph_Driver\src\stm32f0xx_rtc.o
RTC_GetStoreOperation                             Libraries\STM32F0xx_StdPeriph_Driver\src\stm32f0xx_rtc.o
RTC_GetSubSecond                                  Libraries\STM32F0xx_StdPeriph_Driver\src\stm32f0xx_rtc.o
RTC_GetTime                                       Libraries\STM32F0xx_StdPeriph_Driver\src\stm32f0xx_rtc.o
RTC_GetTimeStamp                                  Libraries\STM32F0xx_StdPeriph_Driver\src\stm32f0xx_rtc.o
RTC_GetTimeStampSubSecond                         Libraries\STM32F0xx_StdPeriph_Driver\src\stm32f0xx_rtc.o
RTC_GetWakeUpCounter                              Libraries\STM32F0xx_StdPeriph_Driver\src\stm32f0xx_rtc.o
RTC_IRQHandler                                    src\startup_stm32f0xx.o
RTC_ITConfig                                      Libraries\STM32F0xx_StdPeriph_Driver\src\stm32f0xx_rtc.o
RTC_Init                                          Libraries\STM32F0xx_StdPeriph_Driver\src\stm32f0xx_rtc.o
RTC_OutputConfig                                  Libraries\STM32F0xx_StdPeriph_Driver\src\stm32f0xx_rtc.o
RTC_OutputTypeConfig                              Libraries\STM32F0xx_StdPeriph_Driver\src\stm32f0xx_rtc.o
RTC_ReadBackupRegister                            Libraries\STM32F0xx_StdPeriph_Driver\src\stm32f0xx_rtc.o
RTC_RefClockCmd                                   Libraries\STM32F0xx_StdPeriph_Driver\src\stm32f0xx_rtc.o
RTC_SetAlarm                                      Libraries\STM32F0xx_StdPeriph_Driver\src\stm32f0xx_rtc.o
RTC_SetDate                                       Libraries\STM32F0xx_StdPeriph_Driver\src\stm32f0xx_rtc.o
RTC_SetTime                                       Libraries\STM32F0xx_StdPeriph_Driver\src\stm32f0xx_rtc.o
RTC_SetWakeUpCounter                              Libraries\STM32F0xx_StdPeriph_Driver\src\stm32f0xx_rtc.o
RTC_SmoothCalibConfig                             Libraries\STM32F0xx_StdPeriph_Driver\src\stm32f0xx_rtc.o
RTC_StructInit                                    Libraries\STM32F0xx_StdPeriph_Driver\src\stm32f0xx_rtc.o
RTC_SynchroShiftConfig                            Libraries\STM32F0xx_StdPeriph_Driver\src\stm32f0xx_rtc.o
RTC_TamperCmd                                     Libraries\STM32F0xx_StdPeriph_Driver\src\stm32f0xx_rtc.o
RTC_TamperFilterConfig                            Libraries\STM32F0xx_StdPeriph_Driver\src\stm32f0xx_rtc.o
RTC_TamperPinsPrechargeDuration                   Libraries\STM32F0xx_StdPeriph_Driver\src\stm32f0xx_rtc.o
RTC_TamperPullUpCmd                               Libraries\STM32F0xx_StdPeriph_Driver\src\stm32f0xx_rtc.o
RTC_TamperSamplingFreqConfig                      Libraries\STM32F0xx_StdPeriph_Driver\src\stm32f0xx_rtc.o
RTC_TamperTriggerConfig                           Libraries\STM32F0xx_StdPeriph_Driver\src\stm32f0xx_rtc.o
RTC_TimeStampCmd                                  Libraries\STM32F0xx_StdPeriph_Driver\src\stm32f0xx_rtc.o
RTC_TimeStampOnTamperDetectionCmd                 Libraries\STM32F0xx_StdPeriph_Driver\src\stm32f0xx_rtc.o
RTC_TimeStructInit                                Libraries\STM32F0xx_StdPeriph_Driver\src\stm32f0xx_rtc.o
RTC_WaitForSynchro                                Libraries\STM32F0xx_StdPeriph_Driver\src\stm32f0xx_rtc.o
RTC_WakeUpClockConfig                             Libraries\STM32F0xx_StdPeriph_Driver\src\stm32f0xx_rtc.o
RTC_WakeUpCmd                                     Libraries\STM32F0xx_StdPeriph_Driver\src\stm32f0xx_rtc.o
RTC_WriteBackupRegister                           Libraries\STM32F0xx_StdPeriph_Driver\src\stm32f0xx_rtc.o
RTC_WriteProtectionCmd                            Libraries\STM32F0xx_StdPeriph_Driver\src\stm32f0xx_rtc.o
Reset_Handler                                     src\startup_stm32f0xx.o
SPI1_IRQHandler                                   src\startup_stm32f0xx.o
SPI2_IRQHandler                                   src\startup_stm32f0xx.o
SPI_BiDirectionalLineConfig                       Libraries\STM32F0xx_StdPeriph_Driver\src\stm32f0xx_spi.o
SPI_CRCLengthConfig                               Libraries\STM32F0xx_StdPeriph_Driver\src\stm32f0xx_spi.o
SPI_CalculateCRC                                  Libraries\STM32F0xx_StdPeriph_Driver\src\stm32f0xx_spi.o
SPI_Cmd                                           Libraries\STM32F0xx_StdPeriph_Driver\src\stm32f0xx_spi.o
SPI_DataSizeConfig                                Libraries\STM32F0xx_StdPeriph_Driver\src\stm32f0xx_spi.o
SPI_GetCRC                                        Libraries\STM32F0xx_StdPeriph_Driver\src\stm32f0xx_spi.o
SPI_GetCRCPolynomial                              Libraries\STM32F0xx_StdPeriph_Driver\src\stm32f0xx_spi.o
SPI_GetReceptionFIFOStatus                        Libraries\STM32F0xx_StdPeriph_Driver\src\stm32f0xx_spi.o
SPI_GetTransmissionFIFOStatus                     Libraries\STM32F0xx_StdPeriph_Driver\src\stm32f0xx_spi.o
SPI_I2S_ClearFlag                                 Libraries\STM32F0xx_StdPeriph_Driver\src\stm32f0xx_spi.o
SPI_I2S_DMACmd                                    Libraries\STM32F0xx_StdPeriph_Driver\src\stm32f0xx_spi.o
SPI_I2S_DeInit                                    Libraries\STM32F0xx_StdPeriph_Driver\src\stm32f0xx_spi.o
SPI_I2S_GetFlagStatus                             Libraries\STM32F0xx_StdPeriph_Driver\src\stm32f0xx_spi.o
SPI_I2S_GetITStatus                               Libraries\STM32F0xx_StdPeriph_Driver\src\stm32f0xx_spi.o
SPI_I2S_ITConfig                                  Libraries\STM32F0xx_StdPeriph_Driver\src\stm32f0xx_spi.o
SPI_I2S_ReceiveData16                             Libraries\STM32F0xx_StdPeriph_Driver\src\stm32f0xx_spi.o
SPI_I2S_SendData16                                Libraries\STM32F0xx_StdPeriph_Driver\src\stm32f0xx_spi.o
SPI_Init                                          Libraries\STM32F0xx_StdPeriph_Driver\src\stm32f0xx_spi.o
SPI_LastDMATransferCmd                            Libraries\STM32F0xx_StdPeriph_Driver\src\stm32f0xx_spi.o
SPI_NSSInternalSoftwareConfig                     Libraries\STM32F0xx_StdPeriph_Driver\src\stm32f0xx_spi.o
SPI_NSSPulseModeCmd                               Libraries\STM32F0xx_StdPeriph_Driver\src\stm32f0xx_spi.o
SPI_ReceiveData8                                  Libraries\STM32F0xx_StdPeriph_Driver\src\stm32f0xx_spi.o
SPI_RxFIFOThresholdConfig                         Libraries\STM32F0xx_StdPeriph_Driver\src\stm32f0xx_spi.o
SPI_SSOutputCmd                                   Libraries\STM32F0xx_StdPeriph_Driver\src\stm32f0xx_spi.o
SPI_SendData8                                     Libraries\STM32F0xx_StdPeriph_Driver\src\stm32f0xx_spi.o
SPI_StructInit                                    Libraries\STM32F0xx_StdPeriph_Driver\src\stm32f0xx_spi.o
SPI_TIModeCmd                                     Libraries\STM32F0xx_StdPeriph_Driver\src\stm32f0xx_spi.o
SPI_TransmitCRC                                   Libraries\STM32F0xx_StdPeriph_Driver\src\stm32f0xx_spi.o
SVC_Handler                                       src\stm32f0xx_it.o
SYSCFG_BreakConfig                                Libraries\STM32F0xx_StdPeriph_Driver\src\stm32f0xx_syscfg.o
SYSCFG_ClearFlag                                  Libraries\STM32F0xx_StdPeriph_Driver\src\stm32f0xx_syscfg.o
SYSCFG_DMAChannelRemapConfig                      Libraries\STM32F0xx_StdPeriph_Driver\src\stm32f0xx_syscfg.o
SYSCFG_DeInit                                     Libraries\STM32F0xx_StdPeriph_Driver\src\stm32f0xx_syscfg.o
SYSCFG_EXTILineConfig                             Libraries\STM32F0xx_StdPeriph_Driver\src\stm32f0xx_syscfg.o
SYSCFG_GetFlagStatus                              Libraries\STM32F0xx_StdPeriph_Driver\src\stm32f0xx_syscfg.o
SYSCFG_I2CFastModePlusConfig                      Libraries\STM32F0xx_StdPeriph_Driver\src\stm32f0xx_syscfg.o
SYSCFG_MemoryRemapConfig                          Libraries\STM32F0xx_StdPeriph_Driver\src\stm32f0xx_syscfg.o
                                                  src\bootloader.o
SysTick_CLKSourceConfig                           Libraries\STM32F0xx_StdPeriph_Driver\src\stm32f0xx_misc.o
SysTick_Handler                                   src\timer.o
SystemCoreClock                                   src\system_stm32f0xx.o
SystemCoreClockUpdate                             src\system_stm32f0xx.o
                                                  src\main.o
SystemInit                                        src\system_stm32f0xx.o
                                                  src\startup_stm32f0xx.o
TIM14_IRQHandler                                  src\startup_stm32f0xx.o
TIM15_IRQHandler                                  src\startup_stm32f0xx.o
TIM16_IRQHandler                                  src\startup_stm32f0xx.o
TIM17_IRQHandler                                  src\startup_stm32f0xx.o
TIM1_BRK_UP_TRG_COM_IRQHandler                    src\startup_stm32f0xx.o
TIM1_CC_IRQHandler                                src\startup_stm32f0xx.o
TIM2_IRQHandler                                   src\startup_stm32f0xx.o
TIM3_IRQHandler                                   src\startup_stm32f0xx.o
TIM6_DAC_IRQHandler                               src\startup_stm32f0xx.o
TIM_ARRPreloadConfig                              Libraries\STM32F0xx_StdPeriph_Driver\src\stm32f0xx_tim.o
TIM_BDTRConfig                                    Libraries\STM32F0xx_StdPeriph_Driver\src\stm32f0xx_tim.o
TIM_BDTRStructInit                                Libraries\STM32F0xx_StdPeriph_Driver\src\stm32f0xx_tim.o
TIM_CCPreloadControl                              Libraries\STM32F0xx_StdPeriph_Driver\src\stm32f0xx_tim.o
TIM_CCxCmd                                        Libraries\STM32F0xx_StdPeriph_Driver\src\stm32f0xx_tim.o
TIM_CCxNCmd                                       Libraries\STM32F0xx_StdPeriph_Driver\src\stm32f0xx_tim.o
TIM_ClearFlag                                     Libraries\STM32F0xx_StdPeriph_Driver\src\stm32f0xx_tim.o
TIM_ClearITPendingBit                             Libraries\STM32F0xx_StdPeriph_Driver\src\stm32f0xx_tim.o
TIM_ClearOC1Ref                                   Libraries\STM32F0xx_StdPeriph_Driver\src\stm32f0xx_tim.o
TIM_ClearOC2Ref                                   Libraries\STM32F0xx_StdPeriph_Driver\src\stm32f0xx_tim.o
TIM_ClearOC3Ref                                   Libraries\STM32F0xx_StdPeriph_Driver\src\stm32f0xx_tim.o
TIM_ClearOC4Ref                                   Libraries\STM32F0xx_StdPeriph_Driver\src\stm32f0xx_tim.o
TIM_Cmd                                           Libraries\STM32F0xx_StdPeriph_Driver\src\stm32f0xx_tim.o
TIM_CounterModeConfig                             Libraries\STM32F0xx_StdPeriph_Driver\src\stm32f0xx_tim.o
TIM_CtrlPWMOutputs                                Libraries\STM32F0xx_StdPeriph_Driver\src\stm32f0xx_tim.o
TIM_DMACmd                                        Libraries\STM32F0xx_StdPeriph_Driver\src\stm32f0xx_tim.o
TIM_DMAConfig                                     Libraries\STM32F0xx_StdPeriph_Driver\src\stm32f0xx_tim.o
TIM_DeInit                                        Libraries\STM32F0xx_StdPeriph_Driver\src\stm32f0xx_tim.o
TIM_ETRClockMode1Config                           Libraries\STM32F0xx_StdPeriph_Driver\src\stm32f0xx_tim.o
TIM_ETRClockMode2Config                           Libraries\STM32F0xx_StdPeriph_Driver\src\stm32f0xx_tim.o
TIM_ETRConfig                                     Libraries\STM32F0xx_StdPeriph_Driver\src\stm32f0xx_tim.o
TIM_EncoderInterfaceConfig                        Libraries\STM32F0xx_StdPeriph_Driver\src\stm32f0xx_tim.o
TIM_ForcedOC1Config                               Libraries\STM32F0xx_StdPeriph_Driver\src\stm32f0xx_tim.o
TIM_ForcedOC2Config                               Libraries\STM32F0xx_StdPeriph_Driver\src\stm32f0xx_tim.o
TIM_ForcedOC3Config                               Libraries\STM32F0xx_StdPeriph_Driver\src\stm32f0xx_tim.o
TIM_ForcedOC4Config                               Libraries\STM32F0xx_StdPeriph_Driver\src\stm32f0xx_tim.o
TIM_GenerateEvent                                 Libraries\STM32F0xx_StdPeriph_Driver\src\stm32f0xx_tim.o
TIM_GetCapture1                                   Libraries\STM32F0xx_StdPeriph_Driver\src\stm32f0xx_tim.o
TIM_GetCapture2                                   Libraries\STM32F0xx_StdPeriph_Driver\src\stm32f0xx_tim.o
TIM_GetCapture3                                   Libraries\STM32F0xx_StdPeriph_Driver\src\stm32f0xx_tim.o
TIM_GetCapture4                                   Libraries\STM32F0xx_StdPeriph_Driver\src\stm32f0xx_tim.o
TIM_GetCounter                                    Libraries\STM32F0xx_StdPeriph_Driver\src\stm32f0xx_tim.o
TIM_GetFlagStatus                                 Libraries\STM32F0xx_StdPeriph_Driver\src\stm32f0xx_tim.o
TIM_GetITStatus                                   Libraries\STM32F0xx_StdPeriph_Driver\src\stm32f0xx_tim.o
TIM_GetPrescaler                                  Libraries\STM32F0xx_StdPeriph_Driver\src\stm32f0xx_tim.o
TIM_ICInit                                        Libraries\STM32F0xx_StdPeriph_Driver\src\stm32f0xx_tim.o
TIM_ICStructInit                                  Libraries\STM32F0xx_StdPeriph_Driver\src\stm32f0xx_tim.o
TIM_ITConfig                                      Libraries\STM32F0xx_StdPeriph_Driver\src\stm32f0xx_tim.o
TIM_ITRxExternalClockConfig                       Libraries\STM32F0xx_StdPeriph_Driver\src\stm32f0xx_tim.o
TIM_InternalClockConfig                           Libraries\STM32F0xx_StdPeriph_Driver\src\stm32f0xx_tim.o
TIM_OC1FastConfig                                 Libraries\STM32F0xx_StdPeriph_Driver\src\stm32f0xx_tim.o
TIM_OC1Init                                       Libraries\STM32F0xx_StdPeriph_Driver\src\stm32f0xx_tim.o
TIM_OC1NPolarityConfig                            Libraries\STM32F0xx_StdPeriph_Driver\src\stm32f0xx_tim.o
TIM_OC1PolarityConfig                             Libraries\STM32F0xx_StdPeriph_Driver\src\stm32f0xx_tim.o
TIM_OC1PreloadConfig                              Libraries\STM32F0xx_StdPeriph_Driver\src\stm32f0xx_tim.o
TIM_OC2FastConfig                                 Libraries\STM32F0xx_StdPeriph_Driver\src\stm32f0xx_tim.o
TIM_OC2Init                                       Libraries\STM32F0xx_StdPeriph_Driver\src\stm32f0xx_tim.o
TIM_OC2NPolarityConfig                            Libraries\STM32F0xx_StdPeriph_Driver\src\stm32f0xx_tim.o
TIM_OC2PolarityConfig                             Libraries\STM32F0xx_StdPeriph_Driver\src\stm32f0xx_tim.o
TIM_OC2PreloadConfig                              Libraries\STM32F0xx_StdPeriph_Driver\src\stm32f0xx_tim.o
TIM_OC3FastConfig                                 Libraries\STM32F0xx_StdPeriph_Driver\src\stm32f0xx_tim.o
TIM_OC3Init                                       Libraries\STM32F0xx_StdPeriph_Driver\src\stm32f0xx_tim.o
TIM_OC3NPolarityConfig                            Libraries\STM32F0xx_StdPeriph_Driver\src\stm32f0xx_tim.o
TIM_OC3PolarityConfig                             Libraries\STM32F0xx_StdPeriph_Driver\src\stm32f0xx_tim.o
TIM_OC3PreloadConfig                              Libraries\STM32F0xx_StdPeriph_Driver\src\stm32f0xx_tim.o
TIM_OC4FastConfig                                 Libraries\STM32F0xx_StdPeriph_Driver\src\stm32f0xx_tim.o
TIM_OC4Init                                       Libraries\STM32F0xx_StdPeriph_Driver\src\stm32f0xx_tim.o
TIM_OC4PolarityConfig                             Libraries\STM32F0xx_StdPeriph_Driver\src\stm32f0xx_tim.o
TIM_OC4PreloadConfig                              Libraries\STM32F0xx_StdPeriph_Driver\src\stm32f0xx_tim.o
TIM_OCStructInit                                  Libraries\STM32F0xx_StdPeriph_Driver\src\stm32f0xx_tim.o
TIM_PWMIConfig                                    Libraries\STM32F0xx_StdPeriph_Driver\src\stm32f0xx_tim.o
TIM_PrescalerConfig                               Libraries\STM32F0xx_StdPeriph_Driver\src\stm32f0xx_tim.o
TIM_RemapConfig                                   Libraries\STM32F0xx_StdPeriph_Driver\src\stm32f0xx_tim.o
TIM_SelectCCDMA                                   Libraries\STM32F0xx_StdPeriph_Driver\src\stm32f0xx_tim.o
TIM_SelectCOM                                     Libraries\STM32F0xx_StdPeriph_Driver\src\stm32f0xx_tim.o
TIM_SelectHallSensor                              Libraries\STM32F0xx_StdPeriph_Driver\src\stm32f0xx_tim.o
TIM_SelectInputTrigger                            Libraries\STM32F0xx_StdPeriph_Driver\src\stm32f0xx_tim.o
TIM_SelectMasterSlaveMode                         Libraries\STM32F0xx_StdPeriph_Driver\src\stm32f0xx_tim.o
TIM_SelectOCREFClear                              Libraries\STM32F0xx_StdPeriph_Driver\src\stm32f0xx_tim.o
TIM_SelectOCxM                                    Libraries\STM32F0xx_StdPeriph_Driver\src\stm32f0xx_tim.o
TIM_SelectOnePulseMode                            Libraries\STM32F0xx_StdPeriph_Driver\src\stm32f0xx_tim.o
TIM_SelectOutputTrigger                           Libraries\STM32F0xx_StdPeriph_Driver\src\stm32f0xx_tim.o
TIM_SelectSlaveMode                               Libraries\STM32F0xx_StdPeriph_Driver\src\stm32f0xx_tim.o
TIM_SetAutoreload                                 Libraries\STM32F0xx_StdPeriph_Driver\src\stm32f0xx_tim.o
TIM_SetClockDivision                              Libraries\STM32F0xx_StdPeriph_Driver\src\stm32f0xx_tim.o
TIM_SetCompare1                                   Libraries\STM32F0xx_StdPeriph_Driver\src\stm32f0xx_tim.o
TIM_SetCompare2                                   Libraries\STM32F0xx_StdPeriph_Driver\src\stm32f0xx_tim.o
TIM_SetCompare3                                   Libraries\STM32F0xx_StdPeriph_Driver\src\stm32f0xx_tim.o
TIM_SetCompare4                                   Libraries\STM32F0xx_StdPeriph_Driver\src\stm32f0xx_tim.o
TIM_SetCounter                                    Libraries\STM32F0xx_StdPeriph_Driver\src\stm32f0xx_tim.o
TIM_SetIC1Prescaler                               Libraries\STM32F0xx_StdPeriph_Driver\src\stm32f0xx_tim.o
TIM_SetIC2Prescaler                               Libraries\STM32F0xx_StdPeriph_Driver\src\stm32f0xx_tim.o
TIM_SetIC3Prescaler                               Libraries\STM32F0xx_StdPeriph_Driver\src\stm32f0xx_tim.o
TIM_SetIC4Prescaler                               Libraries\STM32F0xx_StdPeriph_Driver\src\stm32f0xx_tim.o
TIM_TIxExternalClockConfig                        Libraries\STM32F0xx_StdPeriph_Driver\src\stm32f0xx_tim.o
TIM_TimeBaseInit                                  Libraries\STM32F0xx_StdPeriph_Driver\src\stm32f0xx_tim.o
TIM_TimeBaseStructInit                            Libraries\STM32F0xx_StdPeriph_Driver\src\stm32f0xx_tim.o
TIM_UpdateDisableConfig                           Libraries\STM32F0xx_StdPeriph_Driver\src\stm32f0xx_tim.o
TIM_UpdateRequestConfig                           Libraries\STM32F0xx_StdPeriph_Driver\src\stm32f0xx_tim.o
TS_IRQHandler                                     src\startup_stm32f0xx.o
USART1_IRQHandler                                 src\usart1.o
USART2_IRQHandler                                 src\usart2.o
USART_AddressDetectionConfig                      Libraries\STM32F0xx_StdPeriph_Driver\src\stm32f0xx_usart.o